Component: ARM Compiler 5.06 update 6 (build 750) Tool: armlink [4d35ed]

==============================================================================

Section Cross References

    startup_stm32f40xx.o(STACK) refers (Special) to heapauxi.o(.text) for __use_two_region_memory
    startup_stm32f40xx.o(HEAP) refers (Special) to heapauxi.o(.text) for __use_two_region_memory
    startup_stm32f40xx.o(RESET) refers (Special) to heapauxi.o(.text) for __use_two_region_memory
    startup_stm32f40xx.o(RESET) refers to startup_stm32f40xx.o(STACK) for __initial_sp
    startup_stm32f40xx.o(RESET) refers to startup_stm32f40xx.o(.text) for Reset_Handler
    startup_stm32f40xx.o(RESET) refers to stm32f4xx_it.o(i.NMI_Handler) for NMI_Handler
    startup_stm32f40xx.o(RESET) refers to stm32f4xx_it.o(i.HardFault_Handler) for HardFault_Handler
    startup_stm32f40xx.o(RESET) refers to stm32f4xx_it.o(i.MemManage_Handler) for MemManage_Handler
    startup_stm32f40xx.o(RESET) refers to stm32f4xx_it.o(i.BusFault_Handler) for BusFault_Handler
    startup_stm32f40xx.o(RESET) refers to stm32f4xx_it.o(i.UsageFault_Handler) for UsageFault_Handler
    startup_stm32f40xx.o(RESET) refers to stm32f4xx_it.o(i.SVC_Handler) for SVC_Handler
    startup_stm32f40xx.o(RESET) refers to stm32f4xx_it.o(i.DebugMon_Handler) for DebugMon_Handler
    startup_stm32f40xx.o(RESET) refers to stm32f4xx_it.o(i.PendSV_Handler) for PendSV_Handler
    startup_stm32f40xx.o(RESET) refers to stm32f4xx_it.o(i.SysTick_Handler) for SysTick_Handler
    startup_stm32f40xx.o(RESET) refers to bsp_key.o(i.EXTI0_IRQHandler) for EXTI0_IRQHandler
    startup_stm32f40xx.o(RESET) refers to bsp_key.o(i.EXTI1_IRQHandler) for EXTI1_IRQHandler
    startup_stm32f40xx.o(RESET) refers to bsp_motor_drive.o(i.EXTI9_5_IRQHandler) for EXTI9_5_IRQHandler
    startup_stm32f40xx.o(RESET) refers to timer.o(i.TIM2_IRQHandler) for TIM2_IRQHandler
    startup_stm32f40xx.o(RESET) refers to usart.o(i.USART1_IRQHandler) for USART1_IRQHandler
    startup_stm32f40xx.o(RESET) refers to usart.o(i.USART2_IRQHandler) for USART2_IRQHandler
    startup_stm32f40xx.o(RESET) refers to bsp_motor_drive.o(i.TIM5_IRQHandler) for TIM5_IRQHandler
    startup_stm32f40xx.o(.text) refers (Special) to heapauxi.o(.text) for __use_two_region_memory
    startup_stm32f40xx.o(.text) refers to system_stm32f4xx.o(i.SystemInit) for SystemInit
    startup_stm32f40xx.o(.text) refers to __main.o(!!!main) for __main
    startup_stm32f40xx.o(.text) refers to startup_stm32f40xx.o(HEAP) for Heap_Mem
    startup_stm32f40xx.o(.text) refers to startup_stm32f40xx.o(STACK) for Stack_Mem
    system_stm32f4xx.o(i.SystemCoreClockUpdate) refers to system_stm32f4xx.o(.data) for SystemCoreClock
    system_stm32f4xx.o(i.SystemInit) refers to system_stm32f4xx.o(i.SetSysClock) for SetSysClock
    bsp.o(i.BSP_Initializes) refers to bsp_key.o(i.bsp_Key_Initializes) for bsp_Key_Initializes
    bsp.o(i.BSP_Initializes) refers to usart.o(i.USART_Initializes) for USART_Initializes
    bsp.o(i.BSP_Initializes) refers to usart.o(i.USART1_SendString) for USART1_SendString
    bsp.o(i.BSP_Initializes) refers to timer.o(i.TIMER_Initializes) for TIMER_Initializes
    bsp.o(i.BSP_Initializes) refers to bsp_adns9800.o(i.bsp_ADNS9800_Initializes) for bsp_ADNS9800_Initializes
    bsp.o(i.BSP_Initializes) refers to bsp_motor_drive.o(i.bsp_motor_drive_initializes) for bsp_motor_drive_initializes
    timer.o(i.TIM2_IRQHandler) refers to stm32f4xx_tim.o(i.TIM_GetITStatus) for TIM_GetITStatus
    timer.o(i.TIM2_IRQHandler) refers to stm32f4xx_tim.o(i.TIM_ClearITPendingBit) for TIM_ClearITPendingBit
    timer.o(i.TIM2_IRQHandler) refers to app_timingcheck.o(i._tim_TickGroundTruth) for _tim_TickGroundTruth
    timer.o(i.TIM2_Init) refers to stm32f4xx_rcc.o(i.RCC_APB1PeriphClockCmd) for RCC_APB1PeriphClockCmd
    timer.o(i.TIM2_Init) refers to stm32f4xx_tim.o(i.TIM_TimeBaseInit) for TIM_TimeBaseInit
    timer.o(i.TIM2_Init) refers to stm32f4xx_tim.o(i.TIM_ARRPreloadConfig) for TIM_ARRPreloadConfig
    timer.o(i.TIM2_Init) refers to stm32f4xx_tim.o(i.TIM_ClearFlag) for TIM_ClearFlag
    timer.o(i.TIM2_Init) refers to stm32f4xx_tim.o(i.TIM_ITConfig) for TIM_ITConfig
    timer.o(i.TIM2_Init) refers to misc.o(i.NVIC_Init) for NVIC_Init
    timer.o(i.TIM4_Init) refers to stm32f4xx_rcc.o(i.RCC_APB1PeriphClockCmd) for RCC_APB1PeriphClockCmd
    timer.o(i.TIM4_Init) refers to stm32f4xx_tim.o(i.TIM_TimeBaseInit) for TIM_TimeBaseInit
    timer.o(i.TIM4_Init) refers to stm32f4xx_tim.o(i.TIM_ARRPreloadConfig) for TIM_ARRPreloadConfig
    timer.o(i.TIMDelay_Nms) refers to timer.o(i.TIMDelay_Nus) for TIMDelay_Nus
    timer.o(i.TIMDelay_Nus) refers to stm32f4xx_tim.o(i.TIM_Cmd) for TIM_Cmd
    timer.o(i.TIMDelay_Nus) refers to main.o(i.MainClockTask) for MainClockTask
    timer.o(i.TIMDelay_Nus) refers to stm32f4xx_tim.o(i.TIM_GetFlagStatus) for TIM_GetFlagStatus
    timer.o(i.TIMDelay_Nus) refers to stm32f4xx_tim.o(i.TIM_ClearFlag) for TIM_ClearFlag
[...]
    __rt_exit_ls                             0x08000255   Thumb Code     0  rtexit2.o(.ARM.Collect$$rtexit$$00000003)
    __rt_exit_prels_1                        0x08000255   Thumb Code     0  rtexit2.o(.ARM.Collect$$rtexit$$00000002)
    __rt_exit_exit                           0x08000259   Thumb Code     0  rtexit2.o(.ARM.Collect$$rtexit$$00000004)
    Reset_Handler                            0x08000261   Thumb Code     8  startup_stm32f40xx.o(.text)
    ADC_IRQHandler                           0x0800027b   Thumb Code     0  startup_stm32f40xx.o(.text)
    CAN1_RX0_IRQHandler                      0x0800027b   Thumb Code     0  startup_stm32f40xx.o(.text)
    CAN1_RX1_IRQHandler                      0x0800027b   Thumb Code     0  startup_stm32f40xx.o(.text)
    CAN1_SCE_IRQHandler                      0x0800027b   Thumb Code     0  startup_stm32f40xx.o(.text)
    CAN1_TX_IRQHandler                       0x0800027b   Thumb Code     0  startup_stm32f40xx.o(.text)
    CAN2_RX0_IRQHandler                      0x0800027b   Thumb Code     0  startup_stm32f40xx.o(.text)
    CAN2_RX1_IRQHandler                      0x0800027b   Thumb Code     0  startup_stm32f40xx.o(.text)
    CAN2_SCE_IRQHandler                      0x0800027b   Thumb Code     0  startup_stm32f40xx.o(.text)
    CAN2_TX_IRQHandler                       0x0800027b   Thumb Code     0  startup_stm32f40xx.o(.text)
    CRYP_IRQHandler                          0x0800027b   Thumb Code     0  startup_stm32f40xx.o(.text)
    DCMI_IRQHandler                          0x0800027b   Thumb Code     0  startup_stm32f40xx.o(.text)
    DMA1_Stream0_IRQHandler                  0x0800027b   Thumb Code     0  startup_stm32f40xx.o(.text)
    DMA1_Stream1_IRQHandler                  0x0800027b   Thumb Code     0  startup_stm32f40xx.o(.text)
    DMA1_Stream2_IRQHandler                  0x0800027b   Thumb Code     0  startup_stm32f40xx.o(.text)
    DMA1_Stream3_IRQHandler                  0x0800027b   Thumb Code     0  startup_stm32f40xx.o(.text)
    DMA1_Stream4_IRQHandler                  0x0800027b   Thumb Code     0  startup_stm32f40xx.o(.text)
    DMA1_Stream5_IRQHandler                  0x0800027b   Thumb Code     0  startup_stm32f40xx.o(.text)
    DMA1_Stream6_IRQHandler                  0x0800027b   Thumb Code     0  startup_stm32f40xx.o(.text)
    DMA1_Stream7_IRQHandler                  0x0800027b   Thumb Code     0  startup_stm32f40xx.o(.text)
    DMA2_Stream0_IRQHandler                  0x0800027b   Thumb Code     0  startup_stm32f40xx.o(.text)
    DMA2_Stream1_IRQHandler                  0x0800027b   Thumb Code     0  startup_stm32f40xx.o(.text)
    DMA2_Stream2_IRQHandler                  0x0800027b   Thumb Code     0  startup_stm32f40xx.o(.text)
    DMA2_Stream3_IRQHandler                  0x0800027b   Thumb Code     0  startup_stm32f40xx.o(.text)
    DMA2_Stream4_IRQHandler                  0x0800027b   Thumb Code     0  startup_stm32f40xx.o(.text)
    DMA2_Stream5_IRQHandler                  0x0800027b   Thumb Code     0  startup_stm32f40xx.o(.text)
    DMA2_Stream6_IRQHandler                  0x0800027b   Thumb Code     0  startup_stm32f40xx.o(.text)
    DMA2_Stream7_IRQHandler                  0x0800027b   Thumb Code     0  startup_stm32f40xx.o(.text)
    ETH_IRQHandler                           0x0800027b   Thumb Code     0  startup_stm32f40xx.o(.text)
    ETH_WKUP_IRQHandler                      0x0800027b   Thumb Code     0  startup_stm32f40xx.o(.text)
    EXTI15_10_IRQHandler                     0x0800027b   Thumb Code     0  startup_stm32f40xx.o(.text)
    EXTI2_IRQHandler                         0x0800027b   Thumb Code     0  startup_stm32f40xx.o(.text)
    EXTI3_IRQHandler                         0x0800027b   Thumb Code     0  startup_stm32f40xx.o(.text)
    EXTI4_IRQHandler                         0x0800027b   Thumb Code     0  startup_stm32f40xx.o(.text)
    FLASH_IRQHandler                         0x0800027b   Thumb Code     0  startup_stm32f40xx.o(.text)
    FPU_IRQHandler                           0x0800027b   Thumb Code     0  startup_stm32f40xx.o(.text)
    FSMC_IRQHandler                          0x0800027b   Thumb Code     0  startup_stm32f40xx.o(.text)
    HASH_RNG_IRQHandler                      0x0800027b   Thumb Code     0  startup_stm32f40xx.o(.text)
    I2C1_ER_IRQHandler                       0x0800027b   Thumb Code     0  startup_stm32f40xx.o(.text)
    I2C1_EV_IRQHandler                       0x0800027b   Thumb Code     0  startup_stm32f40xx.o(.text)
    I2C2_ER_IRQHandler                       0x0800027b   Thumb Code     0  startup_stm32f40xx.o(.text)
    I2C2_EV_IRQHandler                       0x0800027b   Thumb Code     0  startup_stm32f40xx.o(.text)
    I2C3_ER_IRQHandler                       0x0800027b   Thumb Code     0  startup_stm32f40xx.o(.text)
    I2C3_EV_IRQHandler                       0x0800027b   Thumb Code     0  startup_stm32f40xx.o(.text)
    OTG_FS_IRQHandler                        0x0800027b   Thumb Code     0  startup_stm32f40xx.o(.text)
    OTG_FS_WKUP_IRQHandler                   0x0800027b   Thumb Code     0  startup_stm32f40xx.o(.text)
    OTG_HS_EP1_IN_IRQHandler                 0x0800027b   Thumb Code     0  startup_stm32f40xx.o(.text)
    OTG_HS_EP1_OUT_IRQHandler                0x0800027b   Thumb Code     0  startup_stm32f40xx.o(.text)
    OTG_HS_IRQHandler                        0x0800027b   Thumb Code     0  startup_stm32f40xx.o(.text)
    OTG_HS_WKUP_IRQHandler                   0x0800027b   Thumb Code     0  startup_stm32f40xx.o(.text)
    PVD_IRQHandler                           0x0800027b   Thumb Code     0  startup_stm32f40xx.o(.text)
    RCC_IRQHandler                           0x0800027b   Thumb Code     0  startup_stm32f40xx.o(.text)
    RTC_Alarm_IRQHandler                     0x0800027b   Thumb Code     0  startup_stm32f40xx.o(.text)
    RTC_WKUP_IRQHandler                      0x0800027b   Thumb Code     0  startup_stm32f40xx.o(.text)
    SDIO_IRQHandler                          0x0800027b   Thumb Code     0  startup_stm32f40xx.o(.text)
    SPI1_IRQHandler                          0x0800027b   Thumb Code     0  startup_stm32f40xx.o(.text)
    SPI2_IRQHandler                          0x0800027b   Thumb Code     0  startup_stm32f40xx.o(.text)
    SPI3_IRQHandler                          0x0800027b   Thumb Code     0  startup_stm32f40xx.o(.text)
    TAMP_STAMP_IRQHandler                    0x0800027b   Thumb Code     0  startup_stm32f40xx.o(.text)
    TIM1_BRK_TIM9_IRQHandler                 0x0800027b   Thumb Code     0  startup_stm32f40xx.o(.text)
    TIM1_CC_IRQHandler                       0x0800027b   Thumb Code     0  startup_stm32f40xx.o(.text)
    TIM1_TRG_COM_TIM11_IRQHandler            0x0800027b   Thumb Code     0  startup_stm32f40xx.o(.text)
    TIM1_UP_TIM10_IRQHandler                 0x0800027b   Thumb Code     0  startup_stm32f40xx.o(.text)
    TIM3_IRQHandler                          0x0800027b   Thumb Code     0  startup_stm32f40xx.o(.text)
    TIM4_IRQHandler                          0x0800027b   Thumb Code     0  startup_stm32f40xx.o(.text)
    TIM6_DAC_IRQHandler                      0x0800027b   Thumb Code     0  startup_stm32f40xx.o(.text)
    TIM7_IRQHandler                          0x0800027b   Thumb Code     0  startup_stm32f40xx.o(.text)
    TIM8_BRK_TIM12_IRQHandler                0x0800027b   Thumb Code     0  startup_stm32f40xx.o(.text)
    TIM8_CC_IRQHandler                       0x0800027b   Thumb Code     0  startup_stm32f40xx.o(.text)
    TIM8_TRG_COM_TIM14_IRQHandler            0x0800027b   Thumb Code     0  startup_stm32f40xx.o(.text)
    TIM8_UP_TIM13_IRQHandler                 0x0800027b   Thumb Code     0  startup_stm32f40xx.o(.text)
    UART4_IRQHandler                         0x0800027b   Thumb Code     0  startup_stm32f40xx.o(.text)
    UART5_IRQHandler                         0x0800027b   Thumb Code     0  startup_stm32f40xx.o(.text)
    USART3_IRQHandler                        0x0800027b   Thumb Code     0  startup_stm32f40xx.o(.text)
    USART6_IRQHandler                        0x0800027b   Thumb Code     0  startup_stm32f40xx.o(.text)
    WWDG_IRQHandler                          0x0800027b   Thumb Code     0  startup_stm32f40xx.o(.text)
    __user_initial_stackheap                 0x0800027d   Thumb Code     0  startup_stm32f40xx.o(.text)
    arm_cos_f32                              0x080002a1   Thumb Code   108  arm_cos_f32.o(.text)
    arm_sin_f32                              0x08000319   Thumb Code   130  arm_sin_f32.o(.text)
    arm_mat_mult_f32                         0x080003ad   Thumb Code   312  arm_mat_mult_f32.o(.text)
    arm_mat_trans_f32                        0x080004e9   Thumb Code   276  arm_mat_trans_f32.o(.text)
    __2sprintf                               0x080005fd   Thumb Code    34  noretval__2sprintf.o(.text)
    _printf_pre_padding                      0x08000625   Thumb Code    44  _printf_pad.o(.text)
    _printf_post_padding                     0x08000651   Thumb Code    34  _printf_pad.o(.text)
    _printf_str                              0x08000673   Thumb Code    82  _printf_str.o(.text)
    _printf_int_dec                          0x080006c5   Thumb Code   104  _printf_dec.o(.text)
    _printf_int_hex                          0x0800073d   Thumb Code    84  _printf_hex_int.o(.text)
    _printf_longlong_hex                     0x0800073d   Thumb Code     0  _printf_hex_int.o(.text)
    __printf                                 0x08000795   Thumb Code   270  __printf_wp.o(.text)
    __aeabi_memcpy4                          0x080008a3   Thumb Code     0  rt_memcpy_w.o(.text)
    __aeabi_memcpy8                          0x080008a3   Thumb Code     0  rt_memcpy_w.o(.text)
    __rt_memcpy_w                            0x080008a3   Thumb Code   100  rt_memcpy_w.o(.text)
    _memcpy_lastbytes_aligned                0x080008eb   Thumb Code     0  rt_memcpy_w.o(.text)
    __use_two_region_memory                  0x08000907   Thumb Code     2  heapauxi.o(.text)
    __rt_heap_escrow$2region                 0x08000909   Thumb Code     2  heapauxi.o(.text)
    __rt_heap_expand$2region                 0x0800090b   Thumb Code     2  heapauxi.o(.text)
    __read_errno                             0x0800090d   Thumb Code    10  _rserrno.o(.text)
    __set_errno                              0x08000917   Thumb Code    12  _rserrno.o(.text)
    _printf_int_common                       0x08000923   Thumb Code   178  _printf_intcommon.o(.text)
    __lib_sel_fp_printf                      0x080009d5   Thumb Code     2  _printf_fp_dec.o(.text)
    _printf_fp_dec_real                      0x08000b87   Thumb Code   620  _printf_fp_dec.o(.text)
    _printf_char_common                      0x08000dff   Thumb Code    32  _printf_char_common.o(.text)
    _sputc                                   0x08000e25   Thumb Code    10  _sputc.o(.text)
    _printf_cs_common                        0x08000e2f   Thumb Code    20  _printf_char.o(.text)
    _printf_char                             0x08000e43   Thumb Code    16  _printf_char.o(.text)
    _printf_string                           0x08000e53   Thumb Code     8  _printf_char.o(.text)
    __strtod_int                             0x08000e99   Thumb Code    90  strtod.o(.text)
    __rt_locale                              0x08000f01   Thumb Code     8  rt_locale_intlibspace.o(.text)
    __aeabi_errno_addr                       0x08000f09   Thumb Code     8  rt_errno_addr_intlibspace.o(.text)
    __errno$intlibspace                      0x08000f09   Thumb Code     0  rt_errno_addr_intlibspace.o(.text)
    __rt_errno_addr$intlibspace              0x08000f09   Thumb Code     0  rt_errno_addr_intlibspace.o(.text)
    _ll_udiv10                               0x08000f11   Thumb Code   138  lludiv10.o(.text)
    _fp_trap                                 0x08000f9d   Thumb Code    44  _fptrap.o(.text)
    isspace                                  0x08000fcd   Thumb Code    18  isspace.o(.text)
    _printf_fp_infnan                        0x08000fe1   Thumb Code   112  _printf_fp_infnan.o(.text)
    _sgetc                                   0x08001061   Thumb Code    30  _sgetc.o(.text)
    _sbackspace                              0x0800107f   Thumb Code    34  _sgetc.o(.text)
    _btod_etento                             0x080010a1   Thumb Code   224  bigflt0.o(.text)
    __user_libspace                          0x08001185   Thumb Code     8  libspace.o(.text)
    __user_perproc_libspace                  0x08001185   Thumb Code     0  libspace.o(.text)
    __user_perthread_libspace                0x08001185   Thumb Code     0  libspace.o(.text)
    __user_setup_stackheap                   0x0800118d   Thumb Code    74  sys_stackheap_outer.o(.text)
    __rt_ctype_table                         0x080011d9   Thumb Code    16  rt_ctype_table.o(.text)
    _scanf_really_real                       0x08001435   Thumb Code   684  scanf_fp.o(.text)
    exit                                     0x080016e1   Thumb Code    18  exit.o(.text)
    __rt_SIGFPE                              0x080016f3   Thumb Code    14  defsig_fpe_outer.o(.text)
    strcmp                                   0x08001701   Thumb Code   128  strcmpv7m.o(.text)
    __sig_exit                               0x08001781   Thumb Code    10  defsig_exit.o(.text)
    __rt_SIGFPE_inner                        0x0800178d   Thumb Code    62  defsig_fpe_inner.o(.text)
    _sys_exit                                0x08001839   Thumb Code     8  sys_exit.o(.text)
    _scanf_really_hex_real                   0x08001845   Thumb Code   786  scanf_hexfp.o(.text)
    _scanf_really_infnan                     0x08001b65   Thumb Code   292  scanf_infnan.o(.text)
    __default_signal_display                 0x08001c99   Thumb Code    50  defsig_general.o(.text)
    _ttywrch                                 0x08001ccb   Thumb Code    14  sys_wrch.o(.text)
    __I$use$semihosting                      0x08001cd9   Thumb Code     0  use_no_semi.o(.text)
    __use_no_semihosting_swi                 0x08001cd9   Thumb Code     2  use_no_semi.o(.text)
    __aeabi_llsl                             0x08001cdb   Thumb Code     0  llshl.o(.text)
    __semihosting_library_function           0x08001cdb   Thumb Code     0  indicate_semi.o(.text)
    _ll_shift_l                              0x08001cdb   Thumb Code    38  llshl.o(.text)
    _chval                                   0x08001d01   Thumb Code    28  _chval.o(.text)
    _btod_d2e                                0x08001d1d   Thumb Code    62  btod.o(CL$$btod_d2e)
    _d2e_denorm_low                          0x08001d5b   Thumb Code    70  btod.o(CL$$btod_d2e_denorm_low)
    _d2e_norm_op1                            0x08001da1   Thumb Code    96  btod.o(CL$$btod_d2e_norm_op1)
    __btod_div_common                        0x08001e01   Thumb Code   696  btod.o(CL$$btod_div_common)
    _e2d                                     0x08002139   Thumb Code   122  btod.o(CL$$btod_e2d)
    _e2e                                     0x080021bd   Thumb Code   220  btod.o(CL$$btod_e2e)
    _btod_ediv                               0x08002299   Thumb Code    42  btod.o(CL$$btod_ediv)
    _btod_edivd                              0x080022c3   Thumb Code    42  btod.o(CL$$btod_edivd)
    _btod_emul                               0x080022ed   Thumb Code    42  btod.o(CL$$btod_emul)
    _btod_emuld                              0x08002317   Thumb Code    42  btod.o(CL$$btod_emuld)
    __btod_mult_common                       0x08002341   Thumb Code   580  btod.o(CL$$btod_mult_common)
    A9800DelayMs                             0x08002585   Thumb Code    12  bsp_adns9800.o(i.A9800DelayMs)
    A9800DelayUs                             0x08002591   Thumb Code    12  bsp_adns9800.o(i.A9800DelayUs)
    A9800MoveDetectWork                      0x0800259d   Thumb Code   224  bsp_adns9800.o(i.A9800MoveDetectWork)
    A9800OnTimerTask                         0x08002681   Thumb Code    16  bsp_adns9800.o(i.A9800OnTimerTask)
    A9800XSInit                              0x08002691   Thumb Code    58  bsp_adns9800.o(i.A9800XSInit)
    A9800xBurstReadMoveReg                   0x080026d1   Thumb Code    66  bsp_adns9800.o(i.A9800xBurstReadMoveReg)
    A9800xCheckSrom                          0x08002715   Thumb Code   198  bsp_adns9800.o(i.A9800xCheckSrom)
    A9800xEnLaserPower                       0x08002815   Thumb Code    28  bsp_adns9800.o(i.A9800xEnLaserPower)
    A9800xInit                               0x08002831   Thumb Code   280  bsp_adns9800.o(i.A9800xInit)
    A9800xInitCheckId                        0x080029f5   Thumb Code    42  bsp_adns9800.o(i.A9800xInitCheckId)
    A9800xInitPowerUp                        0x08002a25   Thumb Code    82  bsp_adns9800.o(i.A9800xInitPowerUp)
    A9800xInitSrom                           0x08002a7d   Thumb Code    64  bsp_adns9800.o(i.A9800xInitSrom)
    A9800xLoadSrom                           0x08002ae9   Thumb Code   150  bsp_adns9800.o(i.A9800xLoadSrom)
    A9800xReadReg                            0x08002bd9   Thumb Code    62  bsp_adns9800.o(i.A9800xReadReg)
    A9800xSetCsHigh                          0x08002c19   Thumb Code    32  bsp_adns9800.o(i.A9800xSetCsHigh)
    A9800xSetCsLow                           0x08002c41   Thumb Code    32  bsp_adns9800.o(i.A9800xSetCsLow)
    A9800xWriteCpi                           0x08002c69   Thumb Code    18  bsp_adns9800.o(i.A9800xWriteCpi)
    A9800xWriteLift                          0x08002c7b   Thumb Code    18  bsp_adns9800.o(i.A9800xWriteLift)
    A9800xWriteReg                           0x08002c8d   Thumb Code    64  bsp_adns9800.o(i.A9800xWriteReg)
    A9800xdispRegisters                      0x08002ccd   Thumb Code   130  bsp_adns9800.o(i.A9800xdispRegisters)
    AD7606_EnterAutoMode                     0x08002f19   Thumb Code   318  bsp_motor_drive.o(i.AD7606_EnterAutoMode)
    AD7606_ISR                               0x080030cd   Thumb Code   174  bsp_motor_drive.o(i.AD7606_ISR)
    AD7606_ReadNowAdc                        0x08003185   Thumb Code   164  bsp_adc.o(i.AD7606_ReadNowAdc)
    AD7606_Reset                             0x08003231   Thumb Code    64  bsp_adc.o(i.AD7606_Reset)
    AD7606_StartConvst                       0x08003275   Thumb Code   158  bsp_adc.o(i.AD7606_StartConvst)
    BSP_Initializes                          0x08003319   Thumb Code    30  bsp.o(i.BSP_Initializes)
    BusFault_Handler                         0x08003351   Thumb Code     4  stm32f4xx_it.o(i.BusFault_Handler)
    DAC8562_WriteCmd_Parallel_4              0x08003355   Thumb Code   156  bsp_dac.o(i.DAC8562_WriteCmd_Parallel_4)
    DAC8562_WriteCmd_Parallel_4_Same         0x080033f9   Thumb Code    76  bsp_dac.o(i.DAC8562_WriteCmd_Parallel_4_Same)
    DAC8563_SetData_Simultaneously           0x0800344d   Thumb Code    78  bsp_dac.o(i.DAC8563_SetData_Simultaneously)
    DAC8563_ZeroData_Simultaneously          0x080034a1   Thumb Code    26  bsp_dac.o(i.DAC8563_ZeroData_Simultaneously)
    DebugClockTask                           0x080034bb   Thumb Code     8  main.o(i.DebugClockTask)
    DebugMon_Handler                         0x080034c3   Thumb Code     2  stm32f4xx_it.o(i.DebugMon_Handler)
    EXTI0_IRQHandler                         0x080034c5   Thumb Code    24  bsp_key.o(i.EXTI0_IRQHandler)
    EXTI1_IRQHandler                         0x080034e1   Thumb Code    24  bsp_key.o(i.EXTI1_IRQHandler)
    EXTI9_5_IRQHandler                       0x080034fd   Thumb Code    44  bsp_motor_drive.o(i.EXTI9_5_IRQHandler)
    EXTI_ClearITPendingBit                   0x0800352d   Thumb Code     6  stm32f4xx_exti.o(i.EXTI_ClearITPendingBit)
    EXTI_GetITStatus                         0x08003539   Thumb Code    20  stm32f4xx_exti.o(i.EXTI_GetITStatus)
    EXTI_Init                                0x08003551   Thumb Code   142  stm32f4xx_exti.o(i.EXTI_Init)
    FSMC_NORSRAMCmd                          0x080035e5   Thumb Code    46  stm32f4xx_fsmc.o(i.FSMC_NORSRAMCmd)
    FSMC_NORSRAMInit                         0x08003619   Thumb Code   282  stm32f4xx_fsmc.o(i.FSMC_NORSRAMInit)
    GPIO_Init                                0x0800373d   Thumb Code   144  stm32f4xx_gpio.o(i.GPIO_Init)
    GPIO_PinAFConfig                         0x080037cd   Thumb Code    70  stm32f4xx_gpio.o(i.GPIO_PinAFConfig)
    GPIO_ReadInputDataBit                    0x08003813   Thumb Code    18  stm32f4xx_gpio.o(i.GPIO_ReadInputDataBit)
    GPIO_ResetBits                           0x08003825   Thumb Code     4  stm32f4xx_gpio.o(i.GPIO_ResetBits)
    GPIO_SetBits                             0x08003829   Thumb Code     4  stm32f4xx_gpio.o(i.GPIO_SetBits)
    Get1CoilTxyzCoef                         0x0800382d   Thumb Code   438  app_decouple.o(i.Get1CoilTxyzCoef)
    HardFault_Handler                        0x08003a1d   Thumb Code     4  stm32f4xx_it.o(i.HardFault_Handler)
    MainClockISR                             0x08003a21   Thumb Code   198  bsp_motor_drive.o(i.MainClockISR)
    MainClockTask                            0x08003af5   Thumb Code    36  main.o(i.MainClockTask)
    MainPIDCalc                              0x08003b1d   Thumb Code  2170  app_main_pid.o(i.MainPIDCalc)
    MainPIDExec                              0x080043a1   Thumb Code    14  app_main_pid.o(i.MainPIDExec)
    MemManage_Handler                        0x080043b5   Thumb Code     4  stm32f4xx_it.o(i.MemManage_Handler)
    MouseSensorINTToFloat                    0x080043b9   Thumb Code    28  app_rotor_rotate.o(i.MouseSensorINTToFloat)
    MouseSensorToDTheta                      0x080043d9   Thumb Code   166  app_rotor_rotate.o(i.MouseSensorToDTheta)
    NMI_Handler                              0x08004491   Thumb Code     2  stm32f4xx_it.o(i.NMI_Handler)
    NVIC_Init                                0x08004495   Thumb Code   106  misc.o(i.NVIC_Init)
    PID_update                               0x0800450d   Thumb Code   228  app_main_pid.o(i.PID_update)
    PendSV_Handler                           0x080045f5   Thumb Code     2  stm32f4xx_it.o(i.PendSV_Handler)
    RCC_AHB1PeriphClockCmd                   0x080045f9   Thumb Code    26  stm32f4xx_rcc.o(i.RCC_AHB1PeriphClockCmd)
    RCC_AHB3PeriphClockCmd                   0x08004619   Thumb Code    26  stm32f4xx_rcc.o(i.RCC_AHB3PeriphClockCmd)
    RCC_APB1PeriphClockCmd                   0x08004639   Thumb Code    26  stm32f4xx_rcc.o(i.RCC_APB1PeriphClockCmd)
    RCC_APB1PeriphResetCmd                   0x08004659   Thumb Code    26  stm32f4xx_rcc.o(i.RCC_APB1PeriphResetCmd)
    RCC_APB2PeriphClockCmd                   0x08004679   Thumb Code    26  stm32f4xx_rcc.o(i.RCC_APB2PeriphClockCmd)
    RCC_APB2PeriphResetCmd                   0x08004699   Thumb Code    26  stm32f4xx_rcc.o(i.RCC_APB2PeriphResetCmd)
    RCC_GetClocksFreq                        0x080046b9   Thumb Code   214  stm32f4xx_rcc.o(i.RCC_GetClocksFreq)
    SPI_Cmd                                  0x080047a1   Thumb Code    24  stm32f4xx_spi.o(i.SPI_Cmd)
    SPI_Init                                 0x080047b9   Thumb Code    60  stm32f4xx_spi.o(i.SPI_Init)
    SVC_Handler                              0x080047f5   Thumb Code     2  stm32f4xx_it.o(i.SVC_Handler)
    SYSCFG_EXTILineConfig                    0x080047f9   Thumb Code    60  stm32f4xx_syscfg.o(i.SYSCFG_EXTILineConfig)
    SatuationMaxRealCurrentAndEnable         0x08004839   Thumb Code   170  app_main_pid.o(i.SatuationMaxRealCurrentAndEnable)
    SecondaryClockTask                       0x080048f1   Thumb Code    84  main.o(i.SecondaryClockTask)
    SolveRealCurrentEquations                0x08004a39   Thumb Code  1262  app_decouple.o(i.SolveRealCurrentEquations)
    SpiXRead                                 0x08004f2d   Thumb Code    14  bsp_adns9800.o(i.SpiXRead)
    SpiXSInit                                0x08004fa5   Thumb Code   506  bsp_adns9800.o(i.SpiXSInit)
    SpiXWrite                                0x080051b1   Thumb Code    16  bsp_adns9800.o(i.SpiXWrite)
    SubPIDCalc                               0x080051c1   Thumb Code   226  app_sub_pid_current.o(i.SubPIDCalc)
    SubPIDExec                               0x080052ad   Thumb Code    88  app_sub_pid_current.o(i.SubPIDExec)
    SubPIDSet                                0x08005309   Thumb Code    82  app_sub_pid_current.o(i.SubPIDSet)
    SysTick_Handler                          0x08005361   Thumb Code     2  stm32f4xx_it.o(i.SysTick_Handler)
    SystemInit                               0x08005365   Thumb Code    88  system_stm32f4xx.o(i.SystemInit)
    System_Initializes                       0x080053cd   Thumb Code    34  main.o(i.System_Initializes)
    TIM2_IRQHandler                          0x080053f9   Thumb Code    26  timer.o(i.TIM2_IRQHandler)
    TIM2_Init                                0x08005413   Thumb Code   104  timer.o(i.TIM2_Init)
    TIM4_Init                                0x0800547d   Thumb Code    42  timer.o(i.TIM4_Init)
    TIM5_IRQHandler                          0x080054ad   Thumb Code    26  bsp_motor_drive.o(i.TIM5_IRQHandler)
    TIMDelay_Nms                             0x080054cd   Thumb Code    26  timer.o(i.TIMDelay_Nms)
    TIMDelay_Nus                             0x080054e9   Thumb Code    64  timer.o(i.TIMDelay_Nus)
    TIMER_Initializes                        0x0800552d   Thumb Code    12  timer.o(i.TIMER_Initializes)
    TIM_ARRPreloadConfig                     0x08005539   Thumb Code    24  stm32f4xx_tim.o(i.TIM_ARRPreloadConfig)
    TIM_ClearFlag                            0x08005551   Thumb Code     6  stm32f4xx_tim.o(i.TIM_ClearFlag)
    TIM_ClearITPendingBit                    0x08005557   Thumb Code     6  stm32f4xx_tim.o(i.TIM_ClearITPendingBit)
    TIM_Cmd                                  0x0800555d   Thumb Code    24  stm32f4xx_tim.o(i.TIM_Cmd)
    TIM_GetFlagStatus                        0x08005575   Thumb Code    18  stm32f4xx_tim.o(i.TIM_GetFlagStatus)
    TIM_GetITStatus                          0x08005587   Thumb Code    34  stm32f4xx_tim.o(i.TIM_GetITStatus)
    TIM_ITConfig                             0x080055a9   Thumb Code    18  stm32f4xx_tim.o(i.TIM_ITConfig)
    TIM_TimeBaseInit                         0x080055bd   Thumb Code   104  stm32f4xx_tim.o(i.TIM_TimeBaseInit)
    TimingCheckStart                         0x08005641   Thumb Code    20  timer.o(i.TimingCheckStart)
    USART1_GetLine                           0x08005655   Thumb Code    28  usart.o(i.USART1_GetLine)
    USART1_IRQHandler                        0x08005675   Thumb Code   136  usart.o(i.USART1_IRQHandler)
    USART1_SendByte                          0x08005705   Thumb Code    42  usart.o(i.USART1_SendByte)
    USART1_SendString                        0x08005735   Thumb Code    28  usart.o(i.USART1_SendString)
    USART2_IRQHandler                        0x08005751   Thumb Code   122  usart.o(i.USART2_IRQHandler)
    USART_Cmd                                0x080057d5   Thumb Code    24  stm32f4xx_usart.o(i.USART_Cmd)
    USART_Configuration                      0x080057ed   Thumb Code   176  usart.o(i.USART_Configuration)
    USART_GPIO_Configuration                 0x080058a5   Thumb Code   160  usart.o(i.USART_GPIO_Configuration)
    USART_GetFlagStatus                      0x08005949   Thumb Code    26  stm32f4xx_usart.o(i.USART_GetFlagStatus)
    USART_GetITStatus                        0x08005963   Thumb Code    84  stm32f4xx_usart.o(i.USART_GetITStatus)
    USART_ITConfig                           0x080059b7   Thumb Code    74  stm32f4xx_usart.o(i.USART_ITConfig)
    USART_Init                               0x08005a01   Thumb Code   204  stm32f4xx_usart.o(i.USART_Init)
    USART_Initializes                        0x08005ad5   Thumb Code    26  usart.o(i.USART_Initializes)
    USART_ReceiveData                        0x08005af5   Thumb Code    10  stm32f4xx_usart.o(i.USART_ReceiveData)
    USART_SendData                           0x08005aff   Thumb Code     8  stm32f4xx_usart.o(i.USART_SendData)
    UsageFault_Handler                       0x08005b07   Thumb Code     4  stm32f4xx_it.o(i.UsageFault_Handler)
    __ARM_fpclassify                         0x08005b0b   Thumb Code    48  fpclassify.o(i.__ARM_fpclassify)
    __ARM_fpclassifyf                        0x08005b3b   Thumb Code    38  fpclassifyf.o(i.__ARM_fpclassifyf)
    __hardfp___mathlib_tofloat               0x08005b61   Thumb Code   232  narrow.o(i.__hardfp___mathlib_tofloat)
    __hardfp_acosf                           0x08005c59   Thumb Code   234  acosf.o(i.__hardfp_acosf)
    __hardfp_atan2f                          0x08005d71   Thumb Code   502  atan2f.o(i.__hardfp_atan2f)
    __hardfp_atof                            0x08005fc1   Thumb Code    44  atof.o(i.__hardfp_atof)
    __hardfp_ldexp                           0x08005ff9   Thumb Code   200  ldexp.o(i.__hardfp_ldexp)
    __mathlib_dbl_overflow                   0x080060c9   Thumb Code    24  dunder.o(i.__mathlib_dbl_overflow)
    __mathlib_dbl_underflow                  0x080060e9   Thumb Code    24  dunder.o(i.__mathlib_dbl_underflow)
    __mathlib_flt_infnan                     0x08006109   Thumb Code     6  funder.o(i.__mathlib_flt_infnan)
    __mathlib_flt_infnan2                    0x0800610f   Thumb Code     6  funder.o(i.__mathlib_flt_infnan2)
    __mathlib_flt_invalid                    0x08006115   Thumb Code    10  funder.o(i.__mathlib_flt_invalid)
    __mathlib_flt_underflow                  0x08006125   Thumb Code    10  funder.o(i.__mathlib_flt_underflow)
    __mathlib_narrow                         0x08006135   Thumb Code    18  narrow.o(i.__mathlib_narrow)
    __support_ldexp                          0x08006147   Thumb Code    20  ldexp.o(i.__support_ldexp)
    _bsp_StartMainClock                      0x0800615d   Thumb Code    12  bsp_motor_drive.o(i._bsp_StartMainClock)
    _is_digit                                0x0800616d   Thumb Code    14  __printf_wp.o(i._is_digit)
    _mth_ADC_UINT_To_FLOAT                   0x0800617d   Thumb Code    18  app_sub_pid_current.o(i._mth_ADC_UINT_To_FLOAT)
    _mth_DAC_FLOAT_To_UINT                   0x08006195   Thumb Code    26  app_sub_pid_current.o(i._mth_DAC_FLOAT_To_UINT)
    _mth_Satuation_SUB_PID_OUTPUT            0x080061b5   Thumb Code    82  app_sub_pid_current.o(i._mth_Satuation_SUB_PID_OUTPUT)
    _tim_StartTest                           0x0800620d   Thumb Code    14  app_timingcheck.o(i._tim_StartTest)
    _tim_StopTest                            0x08006225   Thumb Code     8  app_timingcheck.o(i._tim_StopTest)
    _tim_TickDebugTimer                      0x08006231   Thumb Code    12  app_timingcheck.o(i._tim_TickDebugTimer)
    _tim_TickGroundTruth                     0x08006241   Thumb Code    12  app_timingcheck.o(i._tim_TickGroundTruth)
    _tim_TickMainTimer                       0x08006251   Thumb Code    40  app_timingcheck.o(i._tim_TickMainTimer)
    _tim_TickSecondaryTimer                  0x08006281   Thumb Code    34  app_timingcheck.o(i._tim_TickSecondaryTimer)
    _tim_TickTest                            0x080062ad   Thumb Code    18  app_timingcheck.o(i._tim_TickTest)
    _tim_ZeroAllTimer                        0x080062c9   Thumb Code    20  app_timingcheck.o(i._tim_ZeroAllTimer)
    app_GetRotorAngularVelocity              0x080062ed   Thumb Code    96  app_rotor_rotate.o(i.app_GetRotorAngularVelocity)
    app_InitRotorOrientation                 0x08006355   Thumb Code   162  app_rotor_rotate.o(i.app_InitRotorOrientation)
    app_MainPID_GetParameters                0x08006405   Thumb Code   214  app_main_pid.o(i.app_MainPID_GetParameters)
    app_MainPID_Initializes                  0x08006511   Thumb Code   496  app_main_pid.o(i.app_MainPID_Initializes)
    app_Main_PID_Decouple                    0x08006711   Thumb Code   486  app_decouple.o(i.app_Main_PID_Decouple)
    app_Main_PID_Decouple_Initializes        0x08006919   Thumb Code   170  app_decouple.o(i.app_Main_PID_Decouple_Initializes)
    app_StatorTorqueToRotorTorque            0x080069d9   Thumb Code   140  app_rotor_rotate.o(i.app_StatorTorqueToRotorTorque)
    app_SubPID_Initializes                   0x08006a69   Thumb Code   300  app_sub_pid_current.o(i.app_SubPID_Initializes)
    app_UpdateRotorOrientation               0x08006bed   Thumb Code  1340  app_rotor_rotate.o(i.app_UpdateRotorOrientation)
    bsp_ADNS9800_Initializes                 0x0800715d   Thumb Code    16  bsp_adns9800.o(i.bsp_ADNS9800_Initializes)
    bsp_InitAD7606                           0x08007189   Thumb Code    54  bsp_adc.o(i.bsp_InitAD7606)
    bsp_InitDAC8562                          0x080071cd   Thumb Code   168  bsp_dac.o(i.bsp_InitDAC8562)
    bsp_Key_Initializes                      0x08007289   Thumb Code   196  bsp_key.o(i.bsp_Key_Initializes)
    bsp_motor_drive_initializes              0x08007351   Thumb Code    38  bsp_motor_drive.o(i.bsp_motor_drive_initializes)
    frexp                                    0x080073a1   Thumb Code   118  frexp.o(i.frexp)
    from_orientation_update_rotation         0x0800742d   Thumb Code    42  app_rotor_rotate.o(i.from_orientation_update_rotation)
    interval_normal                          0x0800745d   Thumb Code    72  app_main_pid.o(i.interval_normal)
    main                                     0x080074ad   Thumb Code   110  main.o(i.main)
    sqrtf                                    0x0800756d   Thumb Code    62  sqrtf_full.o(i.sqrtf)
    update_RPY_angles                        0x080075ad   Thumb Code   196  app_rotor_rotate.o(i.update_RPY_angles)
    _get_lc_numeric                          0x08007679   Thumb Code    44  lc_numeric_c.o(locale$$code)
    _get_lc_ctype                            0x080076a5   Thumb Code    44  lc_ctype_c.o(locale$$code)
    __aeabi_d2f                              0x080076d1   Thumb Code     0  d2f_clz.o(x$fpl$d2f)
    _d2f                                     0x080076d1   Thumb Code   700  d2f_clz.o(x$fpl$d2f)
    __fpl_dcheck_NaN1                        0x08007995   Thumb Code    28  dcheck1.o(x$fpl$dcheck1)
    __fpl_dcmp_Inf                           0x080079b1   Thumb Code    24  dcmpi.o(x$fpl$dcmpinf)
    __aeabi_cdcmpeq                          0x080079c9   Thumb Code     0  deqf.o(x$fpl$deqf)
    _dcmpeq                                  0x080079c9   Thumb Code   116  deqf.o(x$fpl$deqf)
    __dflt_normalise                         0x08007a3d   Thumb Code    26  dflt_clz.o(x$fpl$dfltn)
    __aeabi_cdcmple                          0x08007a59   Thumb Code     0  dleqf.o(x$fpl$dleqf)
    _dcmple                                  0x08007a59   Thumb Code   120  dleqf.o(x$fpl$dleqf)
    __fpl_dcmple_InfNaN                      0x08007ab1   Thumb Code     0  dleqf.o(x$fpl$dleqf)
    __aeabi_dmul                             0x08007ad1   Thumb Code     0  dmul_clz.o(x$fpl$dmul)
    _dmul                                    0x08007ad1   Thumb Code   440  dmul_clz.o(x$fpl$dmul)
    __fpl_dnaninf                            0x08007c91   Thumb Code   258  dnaninf.o(x$fpl$dnaninf)
    __fpl_drenorm2                           0x08007d93   Thumb Code   106  drenorm_clz.o(x$fpl$drenorm)
    __fpl_drenorm1                           0x08007dfd   Thumb Code     6  drenorm_clz.o(x$fpl$drenorm)
    __fpl_dretinf                            0x08007e03   Thumb Code    12  dretinf.o(x$fpl$dretinf)
    __aeabi_cdrcmple                         0x08007e0f   Thumb Code     0  drleqf.o(x$fpl$drleqf)
    _drcmple                                 0x08007e0f   Thumb Code    98  drleqf.o(x$fpl$drleqf)
    __dunder                                 0x08007e71   Thumb Code   314  dunder_clz.o(x$fpl$dunder)
    __dunder_d                               0x08007fab   Thumb Code    64  dunder_clz.o(x$fpl$dunder)
    __fpl_exception                          0x08007fed   Thumb Code   454  except.o(x$fpl$exception)
    __aeabi_f2d                              0x080081d9   Thumb Code     0  f2d.o(x$fpl$f2d)
    _f2d                                     0x080081d9   Thumb Code   122  f2d.o(x$fpl$f2d)
    __fpl_fnaninf                            0x08008253   Thumb Code   242  fnaninf.o(x$fpl$fnaninf)
    _fp_init                                 0x08008345   Thumb Code    10  fpinit.o(x$fpl$fpinit)
    __fplib_config_fpu_vfp                   0x0800834d   Thumb Code     0  fpinit.o(x$fpl$fpinit)
    __fplib_config_pureend_doubles           0x0800834d   Thumb Code     0  fpinit.o(x$fpl$fpinit)
    __fpl_fretinf                            0x0800834f   Thumb Code    10  fretinf.o(x$fpl$fretinf)
    __funder                                 0x08008359   Thumb Code   254  funder_clz.o(x$fpl$funder)
    __funder_d                               0x08008457   Thumb Code    62  funder_clz.o(x$fpl$funder)
    __ieee_status                            0x08008495   Thumb Code    28  istatus.o(x$fpl$ieeestatus)
    _printf_fp_dec                           0x080084b5   Thumb Code     4  printf1.o(x$fpl$printf1)
    __fpl_return_NaN                         0x080084b9   Thumb Code   178  retnan.o(x$fpl$retnan)
    __ARM_scalbn                             0x0800856d   Thumb Code   270  scalbn_clz.o(x$fpl$scalbn)
    _scanf_real                              0x08008681   Thumb Code     4  scanf1.o(x$fpl$scanf1)
    _scanf_hex_real                          0x08008685   Thumb Code     4  scanf2.o(x$fpl$scanf2)
    _scanf_infnan                            0x08008689   Thumb Code     4  scanf2.o(x$fpl$scanf2)
    _fp_trapveneer                           0x0800868d   Thumb Code    36  trapv.o(x$fpl$trapveneer)
    __fpl_cmpreturn                          0x080086b1   Thumb Code    90  trapv.o(x$fpl$trapveneer)
    __I$use$fp                               0x0800870a   Number         0  usenofp.o(x$fpl$usenofp)
    c_auA9800SromData                        0x0800870a   Data        3070  a9800srom.o(.constdata)
    _DAC_GROUP_X_NUM                         0x08009370   Data           4  configuration.o(.constdata)
    _cfg_Group_of_DAC                        0x08009374   Data           8  configuration.o(.constdata)
    _cfg_DAC_number_To_coil_number           0x0800937c   Data          16  configuration.o(.constdata)
    _cfg_Directions                          0x0800938c   Data          16  configuration.o(.constdata)
    _cfg_ENABLE_DAC                          0x0800939c   Data           8  configuration.o(.constdata)
    _cst_COIL_POSITION                       0x080093a4   Data         192  configuration.o(.constdata)
    sinTable_f32                             0x08009488   Data        2052  arm_common_tables.o(.constdata)
    Region$$Table$$Base                      0x08009df8   Number         0  anon$$obj.o(Region$$Table)
    Region$$Table$$Limit                     0x08009e18   Number         0  anon$$obj.o(Region$$Table)
    __aeabi_HUGE_VAL                         0x08009e18   Data           0  fpconst.o(c$$dinf)
    __aeabi_HUGE_VALL                        0x08009e18   Data           0  fpconst.o(c$$dinf)
    __aeabi_INFINITY                         0x08009e18   Data           0  fpconst.o(c$$dinf)
    __dInf                                   0x08009e18   Data           0  fpconst.o(c$$dinf)
    __huge_val                               0x08009e18   Data           0  fpconst.o(c$$dinf)
    __dbl_max                                0x08009e20   Data           0  fpconst.o(c$$dmax)
    __ctype                                  0x08009e51   Data           0  lc_ctype_c.o(locale$$data)
    SystemCoreClock                          0x20000000   Data           4  system_stm32f4xx.o(.data)
    AHBPrescTable                            0x20000004   Data          16  system_stm32f4xx.o(.data)
    p_tAD7606                                0x20000014   Data           4  bsp_adc.o(.data)
    p_tReadings                              0x20000018   Data           4  bsp_adc.o(.data)
    g_tCoilDriveFLAGS                        0x2000001c   Data           6  bsp_motor_drive.o(.data)
    g_uA9800Dummy                            0x20000024   Data           1  bsp_adns9800.o(.data)
    TestFlag                                 0x20000028   Data           1  main.o(.data)
    g_tSystemControl                         0x20000029   Data           2  main.o(.data)
    DebugTimerCheck                          0x20000030   Data           4  app_timingcheck.o(.data)
    MainTimerCheck                           0x20000034   Data           4  app_timingcheck.o(.data)
    SecondaryTimerCheck                      0x20000038   Data           4  app_timingcheck.o(.data)
    TimerGroundTruth                         0x2000003c   Data           4  app_timingcheck.o(.data)
    TestTimerCheck                           0x20000040   Data           4  app_timingcheck.o(.data)
    Testing                                  0x20000044   Data           1  app_timingcheck.o(.data)
    g_tUSART_1_GetLine                       0x20000064   Data        1030  usart.o(.bss)
    g_tUSART_2_GetLine                       0x2000046a   Data        1030  usart.o(.bss)
    g_tAD7606                                0x20000870   Data          20  bsp_motor_drive.o(.bss)
    g_tAdcFifo                               0x20000884   Data         408  bsp_motor_drive.o(.bss)
    g_tReadings                              0x20000a1c   Data          48  bsp_motor_drive.o(.bss)
    g_tADNS9800                              0x20000a4c   Data          44  bsp_adns9800.o(.bss)
    g_tSubPID                                0x20000a78   Data         216  app_sub_pid_current.o(.bss)
    g_tMainPID                               0x20000b50   Data         304  app_main_pid.o(.bss)
    iVirtual                                 0x20000c80   Data          12  app_main_pid.o(.bss)
    iReal                                    0x20000c8c   Data          32  app_main_pid.o(.bss)
    l_tDecouple                              0x20000cac   Data         652  app_decouple.o(.bss)
    g_tRotorOrientation                      0x20000f38   Data         208  app_rotor_rotate.o(.bss)
    __libspace_start                         0x20001008   Data          96  libspace.o(.bss)
    __temporary_stack_top$libspace           0x20001068   Data           0  libspace.o(.bss)



==============================================================================

Memory Map of the image

  Image Entry point : 0x08000189

  Load Region LR_IROM1 (Base: 0x08000000, Size: 0x00009fb8, Max: 0x00100000, ABSOLUTE)

    Execution Region ER_IROM1 (Exec base: 0x08000000, Load base: 0x08000000, Size: 0x00009f54, Max: 0x00100000, ABSOLUTE)

    Exec Addr    Load Addr    Size         Type   Attr      Idx    E Section Name        Object

    0x08000000   0x08000000   0x00000188   Data   RO            3    RESET               startup_stm32f40xx.o
    0x08000188   0x08000188   0x00000008   Code   RO         6274  * !!!main             c_w.l(__main.o)
    0x08000190   0x08000190   0x00000034   Code   RO         6693    !!!scatter          c_w.l(__scatter.o)
    0x080001c4   0x080001c4   0x0000001a   Code   RO         6695    !!handler_copy      c_w.l(__scatter_copy.o)
    0x080001de   0x080001de   0x00000002   PAD
    0x080001e0   0x080001e0   0x0000001c   Code   RO         6697    !!handler_zi        c_w.l(__scatter_zi.o)
    0x080001fc   0x080001fc   0x00000000   Code   RO         6269    .ARM.Collect$$_printf_percent$$00000000  c_w.l(_printf_percent.o)
    0x080001fc   0x080001fc   0x00000006   Code   RO         6268    .ARM.Collect$$_printf_percent$$00000003  c_w.l(_printf_f.o)
    0x08000202   0x08000202   0x00000006   Code   RO         6267    .ARM.Collect$$_printf_percent$$00000009  c_w.l(_printf_d.o)
    0x08000208   0x08000208   0x00000006   Code   RO         6266    .ARM.Collect$$_printf_percent$$0000000C  c_w.l(_printf_x.o)
    0x0800020e   0x0800020e   0x00000006   Code   RO         6265    .ARM.Collect$$_printf_percent$$00000014  c_w.l(_printf_s.o)
    0x08000214   0x08000214   0x00000004   Code   RO         6325    .ARM.Collect$$_printf_percent$$00000017  c_w.l(_printf_percent_end.o)
    0x08000218   0x08000218   0x00000002   Code   RO         6474    .ARM.Collect$$libinit$$00000000  c_w.l(libinit.o)
    0x0800021a   0x0800021a   0x00000004   Code   RO         6475    .ARM.Collect$$libinit$$00000001  c_w.l(libinit2.o)
    0x0800021e   0x0800021e   0x00000000   Code   RO         6478    .ARM.Collect$$libinit$$00000004  c_w.l(libinit2.o)
    0x0800021e   0x0800021e   0x00000000   Code   RO         6481    .ARM.Collect$$libinit$$0000000A  c_w.l(libinit2.o)
    0x0800021e   0x0800021e   0x00000000   Code   RO         6483    .ARM.Collect$$libinit$$0000000C  c_w.l(libinit2.o)
    0x0800021e   0x0800021e   0x00000000   Code   RO         6485    .ARM.Collect$$libinit$$0000000E  c_w.l(libinit2.o)
    0x0800021e   0x0800021e   0x00000006   Code   RO         6486    .ARM.Collect$$libinit$$0000000F  c_w.l(libinit2.o)
    0x08000224   0x08000224   0x00000000   Code   RO         6488    .ARM.Collect$$libinit$$00000011  c_w.l(libinit2.o)
    0x08000224   0x08000224   0x0000000c   Code   RO         6489    .ARM.Collect$$libinit$$00000012  c_w.l(libinit2.o)
    0x08000230   0x08000230   0x00000000   Code   RO         6490    .ARM.Collect$$libinit$$00000013  c_w.l(libinit2.o)
    0x08000230   0x08000230   0x00000000   Code   RO         6492    .ARM.Collect$$libinit$$00000015  c_w.l(libinit2.o)
    0x08000230   0x08000230   0x0000000a   Code   RO         6493    .ARM.Collect$$libinit$$00000016  c_w.l(libinit2.o)
    0x0800023a   0x0800023a   0x00000000   Code   RO         6494    .ARM.Collect$$libinit$$00000017  c_w.l(libinit2.o)
    0x0800023a   0x0800023a   0x00000000   Code   RO         6496    .ARM.Collect$$libinit$$00000019  c_w.l(libinit2.o)
    0x0800023a   0x0800023a   0x00000000   Code   RO         6498    .ARM.Collect$$libinit$$0000001B  c_w.l(libinit2.o)
    0x0800023a   0x0800023a   0x00000000   Code   RO         6500    .ARM.Collect$$libinit$$0000001D  c_w.l(libinit2.o)
    0x0800023a   0x0800023a   0x00000000   Code   RO         6502    .ARM.Collect$$libinit$$0000001F  c_w.l(libinit2.o)
    0x0800023a   0x0800023a   0x00000000   Code   RO         6504    .ARM.Collect$$libinit$$00000021  c_w.l(libinit2.o)
    0x0800023a   0x0800023a   0x00000000   Code   RO         6506    .ARM.Collect$$libinit$$00000023  c_w.l(libinit2.o)
    0x0800023a   0x0800023a   0x00000000   Code   RO         6508    .ARM.Collect$$libinit$$00000025  c_w.l(libinit2.o)
    0x0800023a   0x0800023a   0x00000000   Code   RO         6512    .ARM.Collect$$libinit$$0000002C  c_w.l(libinit2.o)
    0x0800023a   0x0800023a   0x00000000   Code   RO         6514    .ARM.Collect$$libinit$$0000002E  c_w.l(libinit2.o)
    0x0800023a   0x0800023a   0x00000000   Code   RO         6516    .ARM.Collect$$libinit$$00000030  c_w.l(libinit2.o)
    0x0800023a   0x0800023a   0x00000000   Code   RO         6518    .ARM.Collect$$libinit$$00000032  c_w.l(libinit2.o)
    0x0800023a   0x0800023a   0x00000002   Code   RO         6519    .ARM.Collect$$libinit$$00000033  c_w.l(libinit2.o)
    0x0800023c   0x0800023c   0x00000002   Code   RO         6607    .ARM.Collect$$libshutdown$$00000000  c_w.l(libshutdown.o)
    0x0800023e   0x0800023e   0x00000000   Code   RO         6647    .ARM.Collect$$libshutdown$$00000002  c_w.l(libshutdown2.o)
    0x0800023e   0x0800023e   0x00000000   Code   RO         6649    .ARM.Collect$$libshutdown$$00000004  c_w.l(libshutdown2.o)
    0x0800023e   0x0800023e   0x00000000   Code   RO         6652    .ARM.Collect$$libshutdown$$00000007  c_w.l(libshutdown2.o)
    0x0800023e   0x0800023e   0x00000000   Code   RO         6655    .ARM.Collect$$libshutdown$$0000000A  c_w.l(libshutdown2.o)
    0x0800023e   0x0800023e   0x00000000   Code   RO         6657    .ARM.Collect$$libshutdown$$0000000C  c_w.l(libshutdown2.o)
    0x0800023e   0x0800023e   0x00000000   Code   RO         6660    .ARM.Collect$$libshutdown$$0000000F  c_w.l(libshutdown2.o)
    0x0800023e   0x0800023e   0x00000002   Code   RO         6661    .ARM.Collect$$libshutdown$$00000010  c_w.l(libshutdown2.o)
    0x08000240   0x08000240   0x00000000   Code   RO         6312    .ARM.Collect$$rtentry$$00000000  c_w.l(__rtentry.o)
    0x08000240   0x08000240   0x00000000   Code   RO         6378    .ARM.Collect$$rtentry$$00000002  c_w.l(__rtentry2.o)
    0x08000240   0x08000240   0x00000006   Code   RO         6390    .ARM.Collect$$rtentry$$00000004  c_w.l(__rtentry4.o)
    0x08000246   0x08000246   0x00000000   Code   RO         6380    .ARM.Collect$$rtentry$$00000009  c_w.l(__rtentry2.o)
    0x08000246   0x08000246   0x00000004   Code   RO         6381    .ARM.Collect$$rtentry$$0000000A  c_w.l(__rtentry2.o)
    0x0800024a   0x0800024a   0x00000000   Code   RO         6383    .ARM.Collect$$rtentry$$0000000C  c_w.l(__rtentry2.o)
    0x0800024a   0x0800024a   0x00000008   Code   RO         6384    .ARM.Collect$$rtentry$$0000000D  c_w.l(__rtentry2.o)
    0x08000252   0x08000252   0x00000002   Code   RO         6522    .ARM.Collect$$rtexit$$00000000  c_w.l(rtexit.o)
    0x08000254   0x08000254   0x00000000   Code   RO         6558    .ARM.Collect$$rtexit$$00000002  c_w.l(rtexit2.o)
    0x08000254   0x08000254   0x00000004   Code   RO         6559    .ARM.Collect$$rtexit$$00000003  c_w.l(rtexit2.o)
    0x08000258   0x08000258   0x00000006   Code   RO         6560    .ARM.Collect$$rtexit$$00000004  c_w.l(rtexit2.o)
    0x0800025e   0x0800025e   0x00000002   PAD
    0x08000260   0x08000260   0x00000040   Code   RO            4    .text               startup_stm32f40xx.o
    0x080002a0   0x080002a0   0x00000078   Code   RO         6009    .text               arm_cortexM4lf_math.lib(arm_cos_f32.o)
    0x08000318   0x08000318   0x00000094   Code   RO         6059    .text               arm_cortexM4lf_math.lib(arm_sin_f32.o)
    0x080003ac   0x080003ac   0x0000013c   Code   RO         6083    .text               arm_cortexM4lf_math.lib(arm_mat_mult_f32.o)
    0x080004e8   0x080004e8   0x00000114   Code   RO         6107    .text               arm_cortexM4lf_math.lib(arm_mat_trans_f32.o)
    0x080005fc   0x080005fc   0x00000028   Code   RO         6214    .text               c_w.l(noretval__2sprintf.o)
    0x08000624   0x08000624   0x0000004e   Code   RO         6218    .text               c_w.l(_printf_pad.o)
    0x08000672   0x08000672   0x00000052   Code   RO         6220    .text               c_w.l(_printf_str.o)
    0x080006c4   0x080006c4   0x00000078   Code   RO         6222    .text               c_w.l(_printf_dec.o)
    0x0800073c   0x0800073c   0x00000058   Code   RO         6227    .text               c_w.l(_printf_hex_int.o)
    0x08000794   0x08000794   0x0000010e   Code   RO         6253    .text               c_w.l(__printf_wp.o)
    0x080008a2   0x080008a2   0x00000064   Code   RO         6270    .text               c_w.l(rt_memcpy_w.o)
    0x08000906   0x08000906   0x00000006   Code   RO         6272    .text               c_w.l(heapauxi.o)
    0x0800090c   0x0800090c   0x00000016   Code   RO         6313    .text               c_w.l(_rserrno.o)
    0x08000922   0x08000922   0x000000b2   Code   RO         6315    .text               c_w.l(_printf_intcommon.o)
    0x080009d4   0x080009d4   0x0000041e   Code   RO         6317    .text               c_w.l(_printf_fp_dec.o)
    0x08000df2   0x08000df2   0x00000002   PAD
    0x08000df4   0x08000df4   0x00000030   Code   RO         6319    .text               c_w.l(_printf_char_common.o)
    0x08000e24   0x08000e24   0x0000000a   Code   RO         6321    .text               c_w.l(_sputc.o)
    0x08000e2e   0x08000e2e   0x0000002c   Code   RO         6323    .text               c_w.l(_printf_char.o)
    0x08000e5a   0x08000e5a   0x00000002   PAD
    0x08000e5c   0x08000e5c   0x000000a4   Code   RO         6326    .text               c_w.l(strtod.o)
    0x08000f00   0x08000f00   0x00000008   Code   RO         6395    .text               c_w.l(rt_locale_intlibspace.o)
    0x08000f08   0x08000f08   0x00000008   Code   RO         6400    .text               c_w.l(rt_errno_addr_intlibspace.o)
    0x08000f10   0x08000f10   0x0000008a   Code   RO         6402    .text               c_w.l(lludiv10.o)
    0x08000f9a   0x08000f9a   0x00000002   PAD
    0x08000f9c   0x08000f9c   0x00000030   Code   RO         6404    .text               c_w.l(_fptrap.o)
    0x08000fcc   0x08000fcc   0x00000012   Code   RO         6406    .text               c_w.l(isspace.o)
    0x08000fde   0x08000fde   0x00000002   PAD
    0x08000fe0   0x08000fe0   0x00000080   Code   RO         6408    .text               c_w.l(_printf_fp_infnan.o)
    0x08001060   0x08001060   0x00000040   Code   RO         6412    .text               c_w.l(_sgetc.o)
    0x080010a0   0x080010a0   0x000000e4   Code   RO         6414    .text               c_w.l(bigflt0.o)
    0x08001184   0x08001184   0x00000008   Code   RO         6452    .text               c_w.l(libspace.o)
    0x0800118c   0x0800118c   0x0000004a   Code   RO         6455    .text               c_w.l(sys_stackheap_outer.o)
    0x080011d6   0x080011d6   0x00000002   PAD
    0x080011d8   0x080011d8   0x00000010   Code   RO         6457    .text               c_w.l(rt_ctype_table.o)
    0x080011e8   0x080011e8   0x000004f8   Code   RO         6459    .text               c_w.l(scanf_fp.o)
    0x080016e0   0x080016e0   0x00000012   Code   RO         6461    .text               c_w.l(exit.o)
    0x080016f2   0x080016f2   0x0000000e   Code   RO         6463    .text               c_w.l(defsig_fpe_outer.o)
    0x08001700   0x08001700   0x00000080   Code   RO         6467    .text               c_w.l(strcmpv7m.o)
    0x08001780   0x08001780   0x0000000a   Code   RO         6529    .text               c_w.l(defsig_exit.o)
    0x0800178a   0x0800178a   0x00000002   PAD
    0x0800178c   0x0800178c   0x000000ac   Code   RO         6531    .text               c_w.l(defsig_fpe_inner.o)
    0x08001838   0x08001838   0x0000000c   Code   RO         6555    .text               c_w.l(sys_exit.o)
    0x08001844   0x08001844   0x00000320   Code   RO         6564    .text               c_w.l(scanf_hexfp.o)
    0x08001b64   0x08001b64   0x00000134   Code   RO         6566    .text               c_w.l(scanf_infnan.o)
    0x08001c98   0x08001c98   0x00000032   Code   RO         6570    .text               c_w.l(defsig_general.o)
    0x08001cca   0x08001cca   0x0000000e   Code   RO         6586    .text               c_w.l(sys_wrch.o)
    0x08001cd8   0x08001cd8   0x00000002   Code   RO         6590    .text               c_w.l(use_no_semi.o)
    0x08001cda   0x08001cda   0x00000000   Code   RO         6592    .text               c_w.l(indicate_semi.o)
    0x08001cda   0x08001cda   0x00000026   Code   RO         6595    .text               c_w.l(llshl.o)
    0x08001d00   0x08001d00   0x0000001c   Code   RO         6597    .text               c_w.l(_chval.o)
    0x08001d1c   0x08001d1c   0x0000003e   Code   RO         6417    CL$$btod_d2e        c_w.l(btod.o)
    0x08001d5a   0x08001d5a   0x00000046   Code   RO         6419    CL$$btod_d2e_denorm_low  c_w.l(btod.o)
    0x08001da0   0x08001da0   0x00000060   Code   RO         6418    CL$$btod_d2e_norm_op1  c_w.l(btod.o)
    0x08001e00   0x08001e00   0x00000338   Code   RO         6427    CL$$btod_div_common  c_w.l(btod.o)
    0x08002138   0x08002138   0x00000084   Code   RO         6425    CL$$btod_e2d        c_w.l(btod.o)
    0x080021bc   0x080021bc   0x000000dc   Code   RO         6424    CL$$btod_e2e        c_w.l(btod.o)
    0x08002298   0x08002298   0x0000002a   Code   RO         6421    CL$$btod_ediv       c_w.l(btod.o)
    0x080022c2   0x080022c2   0x0000002a   Code   RO         6423    CL$$btod_edivd      c_w.l(btod.o)
    0x080022ec   0x080022ec   0x0000002a   Code   RO         6420    CL$$btod_emul       c_w.l(btod.o)
    0x08002316   0x08002316   0x0000002a   Code   RO         6422    CL$$btod_emuld      c_w.l(btod.o)
    0x08002340   0x08002340   0x00000244   Code   RO         6426    CL$$btod_mult_common  c_w.l(btod.o)
    0x08002584   0x08002584   0x0000000c   Code   RO          656    i.A9800DelayMs      bsp_adns9800.o
    0x08002590   0x08002590   0x0000000c   Code   RO          657    i.A9800DelayUs      bsp_adns9800.o
    0x0800259c   0x0800259c   0x000000e4   Code   RO          658    i.A9800MoveDetectWork  bsp_adns9800.o
    0x08002680   0x08002680   0x00000010   Code   RO          659    i.A9800OnTimerTask  bsp_adns9800.o
    0x08002690   0x08002690   0x00000040   Code   RO          660    i.A9800XSInit       bsp_adns9800.o
    0x080026d0   0x080026d0   0x00000042   Code   RO          661    i.A9800xBurstReadMoveReg  bsp_adns9800.o
    0x08002712   0x08002712   0x00000002   PAD
    0x08002714   0x08002714   0x00000100   Code   RO          662    i.A9800xCheckSrom   bsp_adns9800.o
    0x08002814   0x08002814   0x0000001c   Code   RO          663    i.A9800xEnLaserPower  bsp_adns9800.o
    0x08002830   0x08002830   0x000001c4   Code   RO          664    i.A9800xInit        bsp_adns9800.o
    0x080029f4   0x080029f4   0x00000030   Code   RO          665    i.A9800xInitCheckId  bsp_adns9800.o
    0x08002a24   0x08002a24   0x00000058   Code   RO          666    i.A9800xInitPowerUp  bsp_adns9800.o
    0x08002a7c   0x08002a7c   0x0000006c   Code   RO          667    i.A9800xInitSrom    bsp_adns9800.o
    0x08002ae8   0x08002ae8   0x000000f0   Code   RO          668    i.A9800xLoadSrom    bsp_adns9800.o
    0x08002bd8   0x08002bd8   0x0000003e   Code   RO          669    i.A9800xReadReg     bsp_adns9800.o
    0x08002c16   0x08002c16   0x00000002   PAD
    0x08002c18   0x08002c18   0x00000028   Code   RO          672    i.A9800xSetCsHigh   bsp_adns9800.o
    0x08002c40   0x08002c40   0x00000028   Code   RO          673    i.A9800xSetCsLow    bsp_adns9800.o
    0x08002c68   0x08002c68   0x00000012   Code   RO          674    i.A9800xWriteCpi    bsp_adns9800.o
    0x08002c7a   0x08002c7a   0x00000012   Code   RO          675    i.A9800xWriteLift   bsp_adns9800.o
    0x08002c8c   0x08002c8c   0x00000040   Code   RO          676    i.A9800xWriteReg    bsp_adns9800.o
    0x08002ccc   0x08002ccc   0x000000b8   Code   RO          677    i.A9800xdispRegisters  bsp_adns9800.o
    0x08002d84   0x08002d84   0x00000194   Code   RO          417    i.AD7606_CtrlLinesConfig  bsp_adc.o
    0x08002f18   0x08002f18   0x00000158   Code   RO          472    i.AD7606_EnterAutoMode  bsp_motor_drive.o
    0x08003070   0x08003070   0x0000005c   Code   RO          418    i.AD7606_FSMCConfig  bsp_adc.o
    0x080030cc   0x080030cc   0x000000b8   Code   RO          475    i.AD7606_ISR        bsp_motor_drive.o
    0x08003184   0x08003184   0x000000ac   Code   RO          419    i.AD7606_ReadNowAdc  bsp_adc.o
    0x08003230   0x08003230   0x00000044   Code   RO          420    i.AD7606_Reset      bsp_adc.o
    0x08003274   0x08003274   0x000000a4   Code   RO          421    i.AD7606_StartConvst  bsp_adc.o
    0x08003318   0x08003318   0x00000038   Code   RO          155    i.BSP_Initializes   bsp.o
    0x08003350   0x08003350   0x00000004   Code   RO          979    i.BusFault_Handler  stm32f4xx_it.o
    0x08003354   0x08003354   0x000000a4   Code   RO          574    i.DAC8562_WriteCmd_Parallel_4  bsp_dac.o
    0x080033f8   0x080033f8   0x00000054   Code   RO          575    i.DAC8562_WriteCmd_Parallel_4_Same  bsp_dac.o
    0x0800344c   0x0800344c   0x00000054   Code   RO          576    i.DAC8563_SetData_Simultaneously  bsp_dac.o
    0x080034a0   0x080034a0   0x0000001a   Code   RO          577    i.DAC8563_ZeroData_Simultaneously  bsp_dac.o
    0x080034ba   0x080034ba   0x00000008   Code   RO          892    i.DebugClockTask    main.o
    0x080034c2   0x080034c2   0x00000002   Code   RO          980    i.DebugMon_Handler  stm32f4xx_it.o
    0x080034c4   0x080034c4   0x0000001c   Code   RO          855    i.EXTI0_IRQHandler  bsp_key.o
    0x080034e0   0x080034e0   0x0000001c   Code   RO          856    i.EXTI1_IRQHandler  bsp_key.o
    0x080034fc   0x080034fc   0x00000030   Code   RO          479    i.EXTI9_5_IRQHandler  bsp_motor_drive.o
    0x0800352c   0x0800352c   0x0000000c   Code   RO         2552    i.EXTI_ClearITPendingBit  stm32f4xx_exti.o
    0x08003538   0x08003538   0x00000018   Code   RO         2556    i.EXTI_GetITStatus  stm32f4xx_exti.o
    0x08003550   0x08003550   0x00000094   Code   RO         2557    i.EXTI_Init         stm32f4xx_exti.o
    0x080035e4   0x080035e4   0x00000034   Code   RO         2940    i.FSMC_NORSRAMCmd   stm32f4xx_fsmc.o
    0x08003618   0x08003618   0x00000124   Code   RO         2942    i.FSMC_NORSRAMInit  stm32f4xx_fsmc.o
    0x0800373c   0x0800373c   0x00000090   Code   RO         3065    i.GPIO_Init         stm32f4xx_gpio.o
    0x080037cc   0x080037cc   0x00000046   Code   RO         3066    i.GPIO_PinAFConfig  stm32f4xx_gpio.o
    0x08003812   0x08003812   0x00000012   Code   RO         3069    i.GPIO_ReadInputDataBit  stm32f4xx_gpio.o
    0x08003824   0x08003824   0x00000004   Code   RO         3072    i.GPIO_ResetBits    stm32f4xx_gpio.o
    0x08003828   0x08003828   0x00000004   Code   RO         3073    i.GPIO_SetBits      stm32f4xx_gpio.o
    0x0800382c   0x0800382c   0x000001f0   Code   RO         1330    i.Get1CoilTxyzCoef  app_decouple.o
    0x08003a1c   0x08003a1c   0x00000004   Code   RO          981    i.HardFault_Handler  stm32f4xx_it.o
    0x08003a20   0x08003a20   0x000000d4   Code   RO          480    i.MainClockISR      bsp_motor_drive.o
    0x08003af4   0x08003af4   0x00000028   Code   RO          893    i.MainClockTask     main.o
    0x08003b1c   0x08003b1c   0x00000884   Code   RO         1239    i.MainPIDCalc       app_main_pid.o
    0x080043a0   0x080043a0   0x00000014   Code   RO         1240    i.MainPIDExec       app_main_pid.o
    0x080043b4   0x080043b4   0x00000004   Code   RO          982    i.MemManage_Handler  stm32f4xx_it.o
    0x080043b8   0x080043b8   0x00000020   Code   RO         1407    i.MouseSensorINTToFloat  app_rotor_rotate.o
    0x080043d8   0x080043d8   0x000000b8   Code   RO         1408    i.MouseSensorToDTheta  app_rotor_rotate.o
    0x08004490   0x08004490   0x00000002   Code   RO          983    i.NMI_Handler       stm32f4xx_it.o
    0x08004492   0x08004492   0x00000002   PAD
    0x08004494   0x08004494   0x00000078   Code   RO         1505    i.NVIC_Init         misc.o
    0x0800450c   0x0800450c   0x000000e8   Code   RO         1242    i.PID_update        app_main_pid.o
    0x080045f4   0x080045f4   0x00000002   Code   RO          984    i.PendSV_Handler    stm32f4xx_it.o
    0x080045f6   0x080045f6   0x00000002   PAD
    0x080045f8   0x080045f8   0x00000020   Code   RO         3805    i.RCC_AHB1PeriphClockCmd  stm32f4xx_rcc.o
    0x08004618   0x08004618   0x00000020   Code   RO         3811    i.RCC_AHB3PeriphClockCmd  stm32f4xx_rcc.o
    0x08004638   0x08004638   0x00000020   Code   RO         3814    i.RCC_APB1PeriphClockCmd  stm32f4xx_rcc.o
    0x08004658   0x08004658   0x00000020   Code   RO         3816    i.RCC_APB1PeriphResetCmd  stm32f4xx_rcc.o
    0x08004678   0x08004678   0x00000020   Code   RO         3817    i.RCC_APB2PeriphClockCmd  stm32f4xx_rcc.o
    0x08004698   0x08004698   0x00000020   Code   RO         3819    i.RCC_APB2PeriphResetCmd  stm32f4xx_rcc.o
    0x080046b8   0x080046b8   0x000000e8   Code   RO         3826    i.RCC_GetClocksFreq  stm32f4xx_rcc.o
    0x080047a0   0x080047a0   0x00000018   Code   RO         4963    i.SPI_Cmd           stm32f4xx_spi.o
    0x080047b8   0x080047b8   0x0000003c   Code   RO         4976    i.SPI_Init          stm32f4xx_spi.o
    0x080047f4   0x080047f4   0x00000002   Code   RO          985    i.SVC_Handler       stm32f4xx_it.o
    0x080047f6   0x080047f6   0x00000002   PAD
    0x080047f8   0x080047f8   0x00000040   Code   RO         5128    i.SYSCFG_EXTILineConfig  stm32f4xx_syscfg.o
    0x08004838   0x08004838   0x000000b8   Code   RO         1243    i.SatuationMaxRealCurrentAndEnable  app_main_pid.o
    0x080048f0   0x080048f0   0x0000005c   Code   RO          894    i.SecondaryClockTask  main.o
    0x0800494c   0x0800494c   0x000000ec   Code   RO           13    i.SetSysClock       system_stm32f4xx.o
    0x08004a38   0x08004a38   0x000004f4   Code   RO         1331    i.SolveRealCurrentEquations  app_decouple.o
    0x08004f2c   0x08004f2c   0x0000000e   Code   RO          678    i.SpiXRead          bsp_adns9800.o
    0x08004f3a   0x08004f3a   0x00000002   PAD
    0x08004f3c   0x08004f3c   0x00000068   Code   RO          679    i.SpiXReadWrite     bsp_adns9800.o
    0x08004fa4   0x08004fa4   0x0000020c   Code   RO          680    i.SpiXSInit         bsp_adns9800.o
    0x080051b0   0x080051b0   0x00000010   Code   RO          681    i.SpiXWrite         bsp_adns9800.o
    0x080051c0   0x080051c0   0x000000ec   Code   RO         1054    i.SubPIDCalc        app_sub_pid_current.o
    0x080052ac   0x080052ac   0x0000005c   Code   RO         1055    i.SubPIDExec        app_sub_pid_current.o
    0x08005308   0x08005308   0x00000058   Code   RO         1056    i.SubPIDSet         app_sub_pid_current.o
    0x08005360   0x08005360   0x00000002   Code   RO          986    i.SysTick_Handler   stm32f4xx_it.o
    0x08005362   0x08005362   0x00000002   PAD
    0x08005364   0x08005364   0x00000068   Code   RO           15    i.SystemInit        system_stm32f4xx.o
    0x080053cc   0x080053cc   0x0000002c   Code   RO          895    i.System_Initializes  main.o
    0x080053f8   0x080053f8   0x0000001a   Code   RO          255    i.TIM2_IRQHandler   timer.o
    0x08005412   0x08005412   0x00000068   Code   RO          256    i.TIM2_Init         timer.o
    0x0800547a   0x0800547a   0x00000002   PAD
    0x0800547c   0x0800547c   0x00000030   Code   RO          257    i.TIM4_Init         timer.o
    0x080054ac   0x080054ac   0x00000020   Code   RO          481    i.TIM5_IRQHandler   bsp_motor_drive.o
    0x080054cc   0x080054cc   0x0000001a   Code   RO          258    i.TIMDelay_Nms      timer.o
    0x080054e6   0x080054e6   0x00000002   PAD
    0x080054e8   0x080054e8   0x00000044   Code   RO          259    i.TIMDelay_Nus      timer.o
    0x0800552c   0x0800552c   0x0000000c   Code   RO          260    i.TIMER_Initializes  timer.o
    0x08005538   0x08005538   0x00000018   Code   RO         5189    i.TIM_ARRPreloadConfig  stm32f4xx_tim.o
    0x08005550   0x08005550   0x00000006   Code   RO         5195    i.TIM_ClearFlag     stm32f4xx_tim.o
    0x08005556   0x08005556   0x00000006   Code   RO         5196    i.TIM_ClearITPendingBit  stm32f4xx_tim.o
    0x0800555c   0x0800555c   0x00000018   Code   RO         5201    i.TIM_Cmd           stm32f4xx_tim.o
    0x08005574   0x08005574   0x00000012   Code   RO         5221    i.TIM_GetFlagStatus  stm32f4xx_tim.o
    0x08005586   0x08005586   0x00000022   Code   RO         5222    i.TIM_GetITStatus   stm32f4xx_tim.o
    0x080055a8   0x080055a8   0x00000012   Code   RO         5226    i.TIM_ITConfig      stm32f4xx_tim.o
    0x080055ba   0x080055ba   0x00000002   PAD
    0x080055bc   0x080055bc   0x00000084   Code   RO         5273    i.TIM_TimeBaseInit  stm32f4xx_tim.o
    0x08005640   0x08005640   0x00000014   Code   RO          261    i.TimingCheckStart  timer.o
    0x08005654   0x08005654   0x00000020   Code   RO          324    i.USART1_GetLine    usart.o
    0x08005674   0x08005674   0x00000090   Code   RO          325    i.USART1_IRQHandler  usart.o
    0x08005704   0x08005704   0x00000030   Code   RO          326    i.USART1_SendByte   usart.o
    0x08005734   0x08005734   0x0000001c   Code   RO          328    i.USART1_SendString  usart.o
    0x08005750   0x08005750   0x00000084   Code   RO          329    i.USART2_IRQHandler  usart.o
    0x080057d4   0x080057d4   0x00000018   Code   RO         5755    i.USART_Cmd         stm32f4xx_usart.o
    0x080057ec   0x080057ec   0x000000b8   Code   RO          330    i.USART_Configuration  usart.o
    0x080058a4   0x080058a4   0x000000a4   Code   RO          331    i.USART_GPIO_Configuration  usart.o
    0x08005948   0x08005948   0x0000001a   Code   RO         5758    i.USART_GetFlagStatus  stm32f4xx_usart.o
    0x08005962   0x08005962   0x00000054   Code   RO         5759    i.USART_GetITStatus  stm32f4xx_usart.o
    0x080059b6   0x080059b6   0x0000004a   Code   RO         5761    i.USART_ITConfig    stm32f4xx_usart.o
    0x08005a00   0x08005a00   0x000000d4   Code   RO         5762    i.USART_Init        stm32f4xx_usart.o
    0x08005ad4   0x08005ad4   0x00000020   Code   RO          332    i.USART_Initializes  usart.o
    0x08005af4   0x08005af4   0x0000000a   Code   RO         5769    i.USART_ReceiveData  stm32f4xx_usart.o
    0x08005afe   0x08005afe   0x00000008   Code   RO         5772    i.USART_SendData    stm32f4xx_usart.o
    0x08005b06   0x08005b06   0x00000004   Code   RO          987    i.UsageFault_Handler  stm32f4xx_it.o
    0x08005b0a   0x08005b0a   0x00000030   Code   RO         6450    i.__ARM_fpclassify  m_wm.l(fpclassify.o)
    0x08005b3a   0x08005b3a   0x00000026   Code   RO         6349    i.__ARM_fpclassifyf  m_wm.l(fpclassifyf.o)
    0x08005b60   0x08005b60   0x000000f8   Code   RO         6547    i.__hardfp___mathlib_tofloat  m_wm.l(narrow.o)
    0x08005c58   0x08005c58   0x00000118   Code   RO         6282    i.__hardfp_acosf    m_wm.l(acosf.o)
    0x08005d70   0x08005d70   0x00000250   Code   RO         6294    i.__hardfp_atan2f   m_wm.l(atan2f.o)
    0x08005fc0   0x08005fc0   0x00000038   Code   RO         6306    i.__hardfp_atof     m_wm.l(atof.o)
    0x08005ff8   0x08005ff8   0x000000d0   Code   RO         6614    i.__hardfp_ldexp    m_wm.l(ldexp.o)
    0x080060c8   0x080060c8   0x00000020   Code   RO         6668    i.__mathlib_dbl_overflow  m_wm.l(dunder.o)
    0x080060e8   0x080060e8   0x00000020   Code   RO         6670    i.__mathlib_dbl_underflow  m_wm.l(dunder.o)
    0x08006108   0x08006108   0x00000006   Code   RO         6352    i.__mathlib_flt_infnan  m_wm.l(funder.o)
    0x0800610e   0x0800610e   0x00000006   Code   RO         6353    i.__mathlib_flt_infnan2  m_wm.l(funder.o)
    0x08006114   0x08006114   0x00000010   Code   RO         6354    i.__mathlib_flt_invalid  m_wm.l(funder.o)
    0x08006124   0x08006124   0x00000010   Code   RO         6357    i.__mathlib_flt_underflow  m_wm.l(funder.o)
    0x08006134   0x08006134   0x00000012   Code   RO         6548    i.__mathlib_narrow  m_wm.l(narrow.o)
    0x08006146   0x08006146   0x00000014   Code   RO         6616    i.__support_ldexp   m_wm.l(ldexp.o)
    0x0800615a   0x0800615a   0x00000002   PAD
    0x0800615c   0x0800615c   0x00000010   Code   RO          482    i._bsp_StartMainClock  bsp_motor_drive.o
    0x0800616c   0x0800616c   0x0000000e   Code   RO         6255    i._is_digit         c_w.l(__printf_wp.o)
    0x0800617a   0x0800617a   0x00000002   PAD
    0x0800617c   0x0800617c   0x00000018   Code   RO         1057    i._mth_ADC_UINT_To_FLOAT  app_sub_pid_current.o
    0x08006194   0x08006194   0x00000020   Code   RO         1058    i._mth_DAC_FLOAT_To_UINT  app_sub_pid_current.o
    0x080061b4   0x080061b4   0x00000058   Code   RO         1059    i._mth_Satuation_SUB_PID_OUTPUT  app_sub_pid_current.o
    0x0800620c   0x0800620c   0x00000018   Code   RO         1133    i._tim_StartTest    app_timingcheck.o
    0x08006224   0x08006224   0x0000000c   Code   RO         1134    i._tim_StopTest     app_timingcheck.o
    0x08006230   0x08006230   0x00000010   Code   RO         1135    i._tim_TickDebugTimer  app_timingcheck.o
    0x08006240   0x08006240   0x00000010   Code   RO         1136    i._tim_TickGroundTruth  app_timingcheck.o
    0x08006250   0x08006250   0x00000030   Code   RO         1137    i._tim_TickMainTimer  app_timingcheck.o
    0x08006280   0x08006280   0x0000002c   Code   RO         1138    i._tim_TickSecondaryTimer  app_timingcheck.o
    0x080062ac   0x080062ac   0x0000001c   Code   RO         1139    i._tim_TickTest     app_timingcheck.o
    0x080062c8   0x080062c8   0x00000024   Code   RO         1140    i._tim_ZeroAllTimer  app_timingcheck.o
    0x080062ec   0x080062ec   0x00000068   Code   RO         1409    i.app_GetRotorAngularVelocity  app_rotor_rotate.o
    0x08006354   0x08006354   0x000000b0   Code   RO         1410    i.app_InitRotorOrientation  app_rotor_rotate.o
    0x08006404   0x08006404   0x0000010c   Code   RO         1244    i.app_MainPID_GetParameters  app_main_pid.o
    0x08006510   0x08006510   0x00000200   Code   RO         1245    i.app_MainPID_Initializes  app_main_pid.o
    0x08006710   0x08006710   0x00000208   Code   RO         1332    i.app_Main_PID_Decouple  app_decouple.o
    0x08006918   0x08006918   0x000000c0   Code   RO         1333    i.app_Main_PID_Decouple_Initializes  app_decouple.o
    0x080069d8   0x080069d8   0x00000090   Code   RO         1411    i.app_StatorTorqueToRotorTorque  app_rotor_rotate.o
    0x08006a68   0x08006a68   0x00000184   Code   RO         1061    i.app_SubPID_Initializes  app_sub_pid_current.o
    0x08006bec   0x08006bec   0x00000544   Code   RO         1412    i.app_UpdateRotorOrientation  app_rotor_rotate.o
    0x08007130   0x08007130   0x0000002c   Code   RO         1413    i.arm_sqrt_f32      app_rotor_rotate.o
    0x0800715c   0x0800715c   0x0000002c   Code   RO          682    i.bsp_ADNS9800_Initializes  bsp_adns9800.o
    0x08007188   0x08007188   0x00000044   Code   RO          422    i.bsp_InitAD7606    bsp_adc.o
    0x080071cc   0x080071cc   0x000000bc   Code   RO          578    i.bsp_InitDAC8562   bsp_dac.o
    0x08007288   0x08007288   0x000000c8   Code   RO          857    i.bsp_Key_Initializes  bsp_key.o
    0x08007350   0x08007350   0x0000004c   Code   RO          484    i.bsp_motor_drive_initializes  bsp_motor_drive.o
    0x0800739c   0x0800739c   0x00000004   PAD
    0x080073a0   0x080073a0   0x0000008c   Code   RO         6582    i.frexp             m_wm.l(frexp.o)
    0x0800742c   0x0800742c   0x00000030   Code   RO         1415    i.from_orientation_update_rotation  app_rotor_rotate.o
    0x0800745c   0x0800745c   0x00000050   Code   RO         1246    i.interval_normal   app_main_pid.o
    0x080074ac   0x080074ac   0x000000c0   Code   RO          896    i.main              main.o
    0x0800756c   0x0800756c   0x0000003e   Code   RO         6367    i.sqrtf             m_wm.l(sqrtf_full.o)
    0x080075aa   0x080075aa   0x00000002   PAD
    0x080075ac   0x080075ac   0x000000cc   Code   RO         1416    i.update_RPY_angles  app_rotor_rotate.o
    0x08007678   0x08007678   0x0000002c   Code   RO         6440    locale$$code        c_w.l(lc_numeric_c.o)
    0x080076a4   0x080076a4   0x0000002c   Code   RO         6527    locale$$code        c_w.l(lc_ctype_c.o)
    0x080076d0   0x080076d0   0x000002c4   Code   RO         6276    x$fpl$d2f           g_wm.l(d2f_clz.o)
    0x08007994   0x08007994   0x0000001c   Code   RO         6685    x$fpl$dcheck1       g_wm.l(dcheck1.o)
    0x080079b0   0x080079b0   0x00000018   Code   RO         6608    x$fpl$dcmpinf       g_wm.l(dcmpi.o)
    0x080079c8   0x080079c8   0x00000074   Code   RO         6576    x$fpl$deqf          g_wm.l(deqf.o)
    0x08007a3c   0x08007a3c   0x0000001a   Code   RO         6330    x$fpl$dfltn         g_wm.l(dflt_clz.o)
    0x08007a56   0x08007a56   0x00000002   PAD
    0x08007a58   0x08007a58   0x00000078   Code   RO         6610    x$fpl$dleqf         g_wm.l(dleqf.o)
    0x08007ad0   0x08007ad0   0x000001c0   Code   RO         6612    x$fpl$dmul          g_wm.l(dmul_clz.o)
    0x08007c90   0x08007c90   0x00000102   Code   RO         6334    x$fpl$dnaninf       g_wm.l(dnaninf.o)
    0x08007d92   0x08007d92   0x00000070   Code   RO         6520    x$fpl$drenorm       g_wm.l(drenorm_clz.o)
    0x08007e02   0x08007e02   0x0000000c   Code   RO         6336    x$fpl$dretinf       g_wm.l(dretinf.o)
    0x08007e0e   0x08007e0e   0x00000062   Code   RO         6578    x$fpl$drleqf        g_wm.l(drleqf.o)
    0x08007e70   0x08007e70   0x0000017a   Code   RO         6442    x$fpl$dunder        g_wm.l(dunder_clz.o)
    0x08007fea   0x08007fea   0x00000002   PAD
    0x08007fec   0x08007fec   0x000001ec   Code   RO         6338    x$fpl$exception     g_wm.l(except.o)
    0x080081d8   0x080081d8   0x0000007a   Code   RO         6278    x$fpl$f2d           g_wm.l(f2d.o)
    0x08008252   0x08008252   0x000000f2   Code   RO         6340    x$fpl$fnaninf       g_wm.l(fnaninf.o)
    0x08008344   0x08008344   0x0000000a   Code   RO         6539    x$fpl$fpinit        g_wm.l(fpinit.o)
    0x0800834e   0x0800834e   0x0000000a   Code   RO         6342    x$fpl$fretinf       g_wm.l(fretinf.o)
    0x08008358   0x08008358   0x0000013c   Code   RO         6344    x$fpl$funder        g_wm.l(funder_clz.o)
    0x08008494   0x08008494   0x00000020   Code   RO         6444    x$fpl$ieeestatus    g_wm.l(istatus.o)
    0x080084b4   0x080084b4   0x00000004   Code   RO         6280    x$fpl$printf1       g_wm.l(printf1.o)
    0x080084b8   0x080084b8   0x000000b2   Code   RO         6446    x$fpl$retnan        g_wm.l(retnan.o)
    0x0800856a   0x0800856a   0x00000002   PAD
    0x0800856c   0x0800856c   0x00000114   Code   RO         6662    x$fpl$scalbn        g_wm.l(scalbn_clz.o)
    0x08008680   0x08008680   0x00000004   Code   RO         6448    x$fpl$scanf1        g_wm.l(scanf1.o)
    0x08008684   0x08008684   0x00000008   Code   RO         6541    x$fpl$scanf2        g_wm.l(scanf2.o)
    0x0800868c   0x0800868c   0x0000007e   Code   RO         6346    x$fpl$trapveneer    g_wm.l(trapv.o)
    0x0800870a   0x0800870a   0x00000000   Code   RO         6348    x$fpl$usenofp       g_wm.l(usenofp.o)
    0x0800870a   0x0800870a   0x00000bfe   Data   RO          632    .constdata          a9800srom.o
    0x08009308   0x08009308   0x00000020   Data   RO          684    .constdata          bsp_adns9800.o
    0x08009328   0x08009328   0x00000030   Data   RO         1248    .constdata          app_main_pid.o
    0x08009358   0x08009358   0x00000018   Data   RO         1336    .constdata          app_decouple.o
    0x08009370   0x08009370   0x000000f4   Data   RO         1382    .constdata          configuration.o
    0x08009464   0x08009464   0x00000024   Data   RO         1418    .constdata          app_rotor_rotate.o
    0x08009488   0x08009488   0x00000804   Data   RO         6187    .constdata          arm_cortexM4lf_math.lib(arm_common_tables.o)
    0x08009c8c   0x08009c8c   0x00000028   Data   RO         6228    .constdata          c_w.l(_printf_hex_int.o)
    0x08009cb4   0x08009cb4   0x00000094   Data   RO         6415    .constdata          c_w.l(bigflt0.o)
    0x08009d48   0x08009d48   0x0000002b   Data   RO          685    .conststring        bsp_adns9800.o
    0x08009d73   0x08009d73   0x00000001   PAD
    0x08009d74   0x08009d74   0x00000081   Data   RO          897    .conststring        main.o
    0x08009df5   0x08009df5   0x00000003   PAD
    0x08009df8   0x08009df8   0x00000020   Data   RO         6691    Region$$Table       anon$$obj.o
    0x08009e18   0x08009e18   0x00000008   Data   RO         6535    c$$dinf             g_wm.l(fpconst.o)
    0x08009e20   0x08009e20   0x00000008   Data   RO         6538    c$$dmax             g_wm.l(fpconst.o)
    0x08009e28   0x08009e28   0x0000001c   Data   RO         6439    locale$$data        c_w.l(lc_numeric_c.o)
    0x08009e44   0x08009e44   0x00000110   Data   RO         6526    locale$$data        c_w.l(lc_ctype_c.o)


    Execution Region RW_IRAM1 (Exec base: 0x20000000, Load base: 0x08009f54, Size: 0x00001668, Max: 0x00020000, ABSOLUTE)

    Exec Addr    Load Addr    Size         Type   Attr      Idx    E Section Name        Object

    0x20000000   0x08009f54   0x00000014   Data   RW           16    .data               system_stm32f4xx.o
    0x20000014   0x08009f68   0x00000008   Data   RW          423    .data               bsp_adc.o
    0x2000001c   0x08009f70   0x00000008   Data   RW          486    .data               bsp_motor_drive.o
    0x20000024   0x08009f78   0x00000001   Data   RW          686    .data               bsp_adns9800.o
    0x20000025   0x08009f79   0x00000003   PAD
    0x20000028   0x08009f7c   0x00000008   Data   RW          898    .data               main.o
    0x20000030   0x08009f84   0x0000001e   Data   RW         1141    .data               app_timingcheck.o
    0x2000004e   0x08009fa2   0x00000002   PAD
    0x20000050   0x08009fa4   0x00000004   Data   RW         1419    .data               app_rotor_rotate.o
    0x20000054   0x08009fa8   0x00000010   Data   RW         3858    .data               stm32f4xx_rcc.o
    0x20000064        -       0x0000080c   Zero   RW          335    .bss                usart.o
    0x20000870        -       0x000001dc   Zero   RW          485    .bss                bsp_motor_drive.o
    0x20000a4c        -       0x0000002c   Zero   RW          683    .bss                bsp_adns9800.o
    0x20000a78        -       0x000000d8   Zero   RW         1062    .bss                app_sub_pid_current.o
    0x20000b50        -       0x0000015c   Zero   RW         1247    .bss                app_main_pid.o
    0x20000cac        -       0x0000028c   Zero   RW         1335    .bss                app_decouple.o
    0x20000f38        -       0x000000d0   Zero   RW         1417    .bss                app_rotor_rotate.o
    0x20001008        -       0x00000060   Zero   RW         6453    .bss                c_w.l(libspace.o)
    0x20001068        -       0x00000200   Zero   RW            2    HEAP                startup_stm32f40xx.o
    0x20001268        -       0x00000400   Zero   RW            1    STACK               startup_stm32f40xx.o


==============================================================================

Image component sizes


      Code (inc. data)   RO Data    RW Data    ZI Data      Debug   Object Name

         0          0       3070          0          0        492   a9800srom.o
      2476        128         24          0        652       6257   app_decouple.o
      3476        176         48          0        348      25374   app_main_pid.o
      2284         96         36          4        208      26853   app_rotor_rotate.o
       948        126          0          0        216       5203   app_sub_pid_current.o
       224         66          0         30          0       4066   app_timingcheck.o
        56         26          0          0          0     261245   bsp.o
       968         44          0          8          0       3809   bsp_adc.o
      2746        510         75          1         44      18612   bsp_adns9800.o
       546         42          0          0          0       3454   bsp_dac.o
       256         12          0          0          0       1612   bsp_key.o
       912        102          0          8        476       4899   bsp_motor_drive.o
         0          0        244          0          0       3951   configuration.o
       376        104        129          8          0       6950   main.o
       120         14          0          0          0       1084   misc.o
        64         26        392          0       1536        900   startup_stm32f40xx.o
       184         16          0          0          0       2216   stm32f4xx_exti.o
       344         16          0          0          0       2105   stm32f4xx_fsmc.o
       240          0          0          0          0       3691   stm32f4xx_gpio.o
        26          0          0          0          0       3854   stm32f4xx_it.o
       424         54          0         16          0       6662   stm32f4xx_rcc.o
        84          0          0          0          0       1833   stm32f4xx_spi.o
        64          4          0          0          0        680   stm32f4xx_syscfg.o
       262         28          0          0          0       5689   stm32f4xx_tim.o
       438          8          0          0          0       5697   stm32f4xx_usart.o
       340         32          0         20          0      70941   system_stm32f4xx.o
       304         10          0          0          0       3439   timer.o
       764         46          0          0       2060       5324   usart.o

    ----------------------------------------------------------------------
     18950       1690       4054        100       5540     486892   Object Totals
         0          0         32          0          0          0   (incl. Generated)
        24          4          4          5          0          0   (incl. Padding)

    ----------------------------------------------------------------------

      Code (inc. data)   RO Data    RW Data    ZI Data      Debug   Library Member Name

         0          0       2052          0          0       4704   arm_common_tables.o
       120         12          0          0          0      17170   arm_cos_f32.o
       316          4          0          0          0       2375   arm_mat_mult_f32.o
       276          0          0          0          0       2240   arm_mat_trans_f32.o
       148         18          0          0          0        814   arm_sin_f32.o
         8          0          0          0          0         68   __main.o
       284          0          0          0          0        156   __printf_wp.o
         0          0          0          0          0          0   __rtentry.o
        12          0          0          0          0          0   __rtentry2.o
         6          0          0          0          0          0   __rtentry4.o
        52          8          0          0          0          0   __scatter.o
        26          0          0          0          0          0   __scatter_copy.o
        28          0          0          0          0          0   __scatter_zi.o
        28          0          0          0          0         68   _chval.o
        48          4          0          0          0         84   _fptrap.o
        44          0          0          0          0        108   _printf_char.o
        48          6          0          0          0         96   _printf_char_common.o
         6          0          0          0          0          0   _printf_d.o
       120         16          0          0          0         92   _printf_dec.o
         6          0          0          0          0          0   _printf_f.o
      1054          0          0          0          0        216   _printf_fp_dec.o
       128         16          0          0          0         84   _printf_fp_infnan.o
        88          4         40          0          0         88   _printf_hex_int.o
       178          0          0          0          0         88   _printf_intcommon.o
        78          0          0          0          0        108   _printf_pad.o
         0          0          0          0          0          0   _printf_percent.o
         4          0          0          0          0          0   _printf_percent_end.o
         6          0          0          0          0          0   _printf_s.o
        82          0          0          0          0         80   _printf_str.o
         6          0          0          0          0          0   _printf_x.o
        22          0          0          0          0        100   _rserrno.o
        64          0          0          0          0         84   _sgetc.o
        10          0          0          0          0         68   _sputc.o
       228          4        148          0          0         96   bigflt0.o
      2152        136          0          0          0        960   btod.o
        10          0          0          0          0         68   defsig_exit.o
       172        110          0          0          0         76   defsig_fpe_inner.o
        14          0          0          0          0         80   defsig_fpe_outer.o
        50          0          0          0          0         88   defsig_general.o
        18          0          0          0          0         80   exit.o
         6          0          0          0          0        152   heapauxi.o
         0          0          0          0          0          0   indicate_semi.o
        18          0          0          0          0         76   isspace.o
        44         10        272          0          0         76   lc_ctype_c.o
        44         10         28          0          0         76   lc_numeric_c.o
         2          0          0          0          0          0   libinit.o
        34          0          0          0          0          0   libinit2.o
         2          0          0          0          0          0   libshutdown.o
         2          0          0          0          0          0   libshutdown2.o
         8          4          0          0         96         68   libspace.o
        38          0          0          0          0         68   llshl.o
       138          0          0          0          0         80   lludiv10.o
        40          6          0          0          0         84   noretval__2sprintf.o
        16          4          0          0          0         76   rt_ctype_table.o
         8          4          0          0          0         68   rt_errno_addr_intlibspace.o
         8          4          0          0          0         68   rt_locale_intlibspace.o
       100          0          0          0          0         80   rt_memcpy_w.o
         2          0          0          0          0          0   rtexit.o
        10          0          0          0          0          0   rtexit2.o
      1272         16          0          0          0        168   scanf_fp.o
       800         14          0          0          0        100   scanf_hexfp.o
       308         16          0          0          0        100   scanf_infnan.o
       128          0          0          0          0         68   strcmpv7m.o
       164         14          0          0          0        120   strtod.o
        12          4          0          0          0         68   sys_exit.o
        74          0          0          0          0         80   sys_stackheap_outer.o
        14          0          0          0          0         76   sys_wrch.o
         2          0          0          0          0         68   use_no_semi.o
       708         16          0          0          0        140   d2f_clz.o
        28          0          0          0          0        116   dcheck1.o
        24          0          0          0          0        116   dcmpi.o
       116          8          0          0          0        140   deqf.o
        26          0          0          0          0        116   dflt_clz.o
       120          8          0          0          0        140   dleqf.o
       448         16          0          0          0        164   dmul_clz.o
       258          4          0          0          0        156   dnaninf.o
       112          0          0          0          0        160   drenorm_clz.o
        12          0          0          0          0        116   dretinf.o
        98          0          0          0          0        128   drleqf.o
       378          0          0          0          0        168   dunder_clz.o
       492         36          0          0          0        148   except.o
       122          8          0          0          0        132   f2d.o
       242          4          0          0          0        144   fnaninf.o
         0          0         16          0          0          0   fpconst.o
        10          0          0          0          0        116   fpinit.o
        10          0          0          0          0        116   fretinf.o
       316          0          0          0          0        132   funder_clz.o
        32          4          0          0          0        116   istatus.o
         4          0          0          0          0        116   printf1.o
       178          0          0          0          0        116   retnan.o
       276          4          0          0          0        124   scalbn_clz.o
         4          0          0          0          0        116   scanf1.o
         8          0          0          0          0        132   scanf2.o
       126          0          0          0          0        148   trapv.o
         0          0          0          0          0          0   usenofp.o
       280         46          0          0          0        176   acosf.o
       592         90          0          0          0        184   atan2f.o
        56         12          0          0          0        132   atof.o
        64         16          0          0          0        248   dunder.o
        48          0          0          0          0        124   fpclassify.o
        38          0          0          0          0        116   fpclassifyf.o
       140         22          0          0          0        132   frexp.o
        44         12          0          0          0        464   funder.o
       228          8          0          0          0        308   ldexp.o
       266         16          0          0          0        308   narrow.o
        62          0          0          0          0        136   sqrtf_full.o

    ----------------------------------------------------------------------
     15228        774       2556          0         96      37803   Library Totals
        28          0          0          0          0          0   (incl. Padding)

    ----------------------------------------------------------------------

      Code (inc. data)   RO Data    RW Data    ZI Data      Debug   Library Name

       860         34       2052          0          0      27303   arm_cortexM4lf_math.lib
      8374        410        488          0         96       4856   c_w.l
      4148        108         16          0          0       3316   g_wm.l
      1818        222          0          0          0       2328   m_wm.l

    ----------------------------------------------------------------------
     15228        774       2556          0         96      37803   Library Totals

    ----------------------------------------------------------------------

==============================================================================


      Code (inc. data)   RO Data    RW Data    ZI Data      Debug   

     34178       2464       6610        100       5636     504191   Grand Totals
     34178       2464       6610        100       5636     504191   ELF Image Totals
     34178       2464       6610        100          0          0   ROM Totals

==============================================================================

    Total RO  Size (Code + RO Data)                40788 (  39.83kB)
    Total RW  Size (RW Data + ZI Data)              5736 (   5.60kB)
    Total ROM Size (Code + RO Data + RW Data)      40888 (  39.93kB)

==============================================================================

